Archive member included because of file (symbol)

c:/microchip starter kits/pic24f starter kit 1/mplab c30/bin/../lib\libpic30-coff.a(crt1.o)
                              (_resetALT)
c:/microchip starter kits/pic24f starter kit 1/mplab c30/bin/../lib\libpic30-coff.a(crt0.o)
                              (_resetPRI)
c:/microchip starter kits/pic24f starter kit 1/mplab c30/bin/../lib\libm-coff.a(udivsi3.o)
                              ..\Microchip\MDD File System\Objects - PIC24F Starter Kit\FSIO.o (__udivsi3)
c:/microchip starter kits/pic24f starter kit 1/mplab c30/bin/../lib\libc-coff.a(malloc.o)
                              ..\Microchip\USB\Objects - PIC24F Starter Kit\usb_host.o (malloc)
c:/microchip starter kits/pic24f starter kit 1/mplab c30/bin/../lib\libc-coff.a(free.o)
                              ..\Microchip\USB\Objects - PIC24F Starter Kit\usb_host.o (free)
c:/microchip starter kits/pic24f starter kit 1/mplab c30/bin/../lib\libc-coff.a(tolower.os)
                              ..\Microchip\MDD File System\Objects - PIC24F Starter Kit\FSIO.o (tolower)
c:/microchip starter kits/pic24f starter kit 1/mplab c30/bin/../lib\libc-coff.a(memset.o)
                              ..\Microchip\MDD File System\Objects - PIC24F Starter Kit\FSIO.o (memset)
c:/microchip starter kits/pic24f starter kit 1/mplab c30/bin/../lib\libc-coff.a(strncpy.o)
                              ..\Microchip\MDD File System\Objects - PIC24F Starter Kit\FSIO.o (strncpy)
c:/microchip starter kits/pic24f starter kit 1/mplab c30/bin/../lib\libc-coff.a(toupper.os)
                              ..\Microchip\MDD File System\Objects - PIC24F Starter Kit\FSIO.o (toupper)
c:/microchip starter kits/pic24f starter kit 1/mplab c30/bin/../lib\libc-coff.a(strlen.o)
                              ..\Microchip\MDD File System\Objects - PIC24F Starter Kit\FSIO.o (strlen)
c:/microchip starter kits/pic24f starter kit 1/mplab c30/bin/../lib\libc-coff.a(strcpy.o)
                              ..\Microchip\MDD File System\Objects - PIC24F Starter Kit\FSIO.o (strcpy)
c:/microchip starter kits/pic24f starter kit 1/mplab c30/bin/../lib\libc-coff.a(strchr.o)
                              ..\Microchip\MDD File System\Objects - PIC24F Starter Kit\FSIO.o (strchr)
c:/microchip starter kits/pic24f starter kit 1/mplab c30/bin/../lib\libc-coff.a(strcat.o)
                              Objects - PIC24F Starter Kit\PIC24F Starter Kit.o (strcat)
c:/microchip starter kits/pic24f starter kit 1/mplab c30/bin/../lib\libc-coff.a(sprintf.io)
                              Objects - PIC24F Starter Kit\Demos.o (_isprintf)
c:/microchip starter kits/pic24f starter kit 1/mplab c30/bin/../lib\libc-coff.a(strncmp.o)
                              Objects - PIC24F Starter Kit\Flash.o (strncmp)
c:/microchip starter kits/pic24f starter kit 1/mplab c30/bin/../lib\libc-coff.a(srand.o)
                              Objects - PIC24F Starter Kit\Games.o (srand)
c:/microchip starter kits/pic24f starter kit 1/mplab c30/bin/../lib\libc-coff.a(rand.o)
                              c:/microchip starter kits/pic24f starter kit 1/mplab c30/bin/../lib\libc-coff.a(srand.o) (_Tls_setup__Randseed)
c:/microchip starter kits/pic24f starter kit 1/mplab c30/bin/../lib\libc-coff.a(xgetmem.o)
                              c:/microchip starter kits/pic24f starter kit 1/mplab c30/bin/../lib\libc-coff.a(malloc.o) (_Getmem)
c:/microchip starter kits/pic24f starter kit 1/mplab c30/bin/../lib\libc-coff.a(memcpy.o)
                              c:/microchip starter kits/pic24f starter kit 1/mplab c30/bin/../lib\libc-coff.a(sprintf.io) (memcpy)
c:/microchip starter kits/pic24f starter kit 1/mplab c30/bin/../lib\libc-coff.a(xprintf.io)
                              c:/microchip starter kits/pic24f starter kit 1/mplab c30/bin/../lib\libc-coff.a(sprintf.io) (__iPrintf)
c:/microchip starter kits/pic24f starter kit 1/mplab c30/bin/../lib\libc-coff.a(xvacopy.o)
                              c:/microchip starter kits/pic24f starter kit 1/mplab c30/bin/../lib\libc-coff.a(xprintf.io) (_Vacopy)
c:/microchip starter kits/pic24f starter kit 1/mplab c30/bin/../lib\libc-coff.a(xputfld.io)
                              c:/microchip starter kits/pic24f starter kit 1/mplab c30/bin/../lib\libc-coff.a(xprintf.io) (__iPutfld)
c:/microchip starter kits/pic24f starter kit 1/mplab c30/bin/../lib\libc-coff.a(xputtxt.o)
                              c:/microchip starter kits/pic24f starter kit 1/mplab c30/bin/../lib\libc-coff.a(xprintf.io) (_Puttxt)
c:/microchip starter kits/pic24f starter kit 1/mplab c30/bin/../lib\libc-coff.a(xlitob.o)
                              c:/microchip starter kits/pic24f starter kit 1/mplab c30/bin/../lib\libc-coff.a(xputfld.io) (_Litob)
c:/microchip starter kits/pic24f starter kit 1/mplab c30/bin/../lib\libc-coff.a(memchr.o)
                              c:/microchip starter kits/pic24f starter kit 1/mplab c30/bin/../lib\libc-coff.a(xputfld.io) (memchr)
[...]
Memory Configuration

Name             Origin             Length             Attributes
data             0x000800           0x004000           a !xr
reset            0x000000           0x000004  
ivt              0x000004           0x0000fc  
aivt             0x000104           0x0000fc  
program          0x000200           0x02a9f8           xr
config4          0x02abf8           0x000002  
config3          0x02abfa           0x000002  
config2          0x02abfc           0x000002  
config1          0x02abfe           0x000002  
*default*        0x000000           0xffffffff  

Linker script and memory map

LOAD Objects - PIC24F Starter Kit\rtcc.o
LOAD Objects - PIC24F Starter Kit\usb_config.o
LOAD ..\Microchip\USB\Objects - PIC24F Starter Kit\usb_host.o
LOAD ..\Microchip\MDD File System\Objects - PIC24F Starter Kit\FSIO.o
LOAD Objects - PIC24F Starter Kit\PIC24F Starter Kit.o
LOAD Objects - PIC24F Starter Kit\Gentium8.o
LOAD ..\Microchip\Graphics\Objects - PIC24F Starter Kit\Primitive.o
LOAD ..\Microchip\Graphics\Objects - PIC24F Starter Kit\Slider.o
LOAD ..\Microchip\Graphics\Objects - PIC24F Starter Kit\StaticText.o
LOAD ..\Microchip\Graphics\Objects - PIC24F Starter Kit\GOL.o
LOAD ..\Microchip\Graphics\Objects - PIC24F Starter Kit\ListBox.o
LOAD ..\Microchip\Graphics\Objects - PIC24F Starter Kit\Picture.o
LOAD ..\Microchip\Graphics\Objects - PIC24F Starter Kit\Button.o
LOAD Objects - PIC24F Starter Kit\Pictures.o
LOAD Objects - PIC24F Starter Kit\Demos.o
LOAD Objects - PIC24F Starter Kit\Flash.o
LOAD Objects - PIC24F Starter Kit\Utilities.o
LOAD Objects - PIC24F Starter Kit\TouchSense.o
LOAD Objects - PIC24F Starter Kit\Games.o
LOAD ..\Microchip\Graphics\Objects - PIC24F Starter Kit\EditBox.o
LOAD ..\Microchip\Graphics\Objects - PIC24F Starter Kit\RoundDial.o
LOAD ..\Microchip\Graphics\Objects - PIC24F Starter Kit\Grid.o
LOAD ..\Microchip\Graphics\Objects - PIC24F Starter Kit\SH1101A.o
LOAD ..\Microchip\USB\MSD Host Driver\Objects - PIC24F Starter Kit\usb_host_msd_scsi.o
LOAD ..\Microchip\USB\MSD Host Driver\Objects - PIC24F Starter Kit\usb_host_msd.o
                    0x2abfa                  __CONFIG3 = 0x2abfa
                    0x2abfc                  __CONFIG2 = 0x2abfc
                    0x2abfe                  __CONFIG1 = 0x2abfe
                    0x0004                  __IVT_BASE = 0x4
                    0x0104                  __AIVT_BASE = 0x104
                    0x0800                  __DATA_BASE = 0x800
                    0x0200                  __CODE_BASE = 0x200

.reset            0x000000          0x4
                  0x000000          0x2 SHORT 0x200 <code 336> (__reset)
                  0x000001          0x2 SHORT 0x4
                  0x000002          0x2 SHORT 0x0 ((<code 336> (__reset) >> 0x10) & 0x7f)
                  0x000003          0x2 SHORT 0x0

.text             0x000200      0x1354c
 *(.init)
 .init            0x000200         0x80 c:/microchip starter kits/pic24f starter kit 1/mplab c30/bin/../lib\libpic30-coff.a(crt0.o)
                  0x000200                  _resetPRI
                  0x000200                  _reset
                  0x000214                  _psv_init
                  0x000224                  _data_init
 *(.handle)
 .handle          0x000280         0x14 jump_table
 *(.libc)
 .libc            0x000294         0xb8 c:/microchip starter kits/pic24f starter kit 1/mplab c30/bin/../lib\libc-coff.a(malloc.o)
                  0x0002f6                  malloc
 .libc            0x00034c         0x66 c:/microchip starter kits/pic24f starter kit 1/mplab c30/bin/../lib\libc-coff.a(free.o)
                  0x00034c                  free
 .libc            0x0003b2          0xe c:/microchip starter kits/pic24f starter kit 1/mplab c30/bin/../lib\libc-coff.a(tolower.os)
                  0x0003b2                  tolower
 .libc            0x0003c0          0xe c:/microchip starter kits/pic24f starter kit 1/mplab c30/bin/../lib\libc-coff.a(memset.o)
                  0x0003c0                  memset
 .libc            0x0003ce         0x1c c:/microchip starter kits/pic24f starter kit 1/mplab c30/bin/../lib\libc-coff.a(strncpy.o)
                  0x0003ce                  strncpy
 .libc            0x0003ea          0xe c:/microchip starter kits/pic24f starter kit 1/mplab c30/bin/../lib\libc-coff.a(toupper.os)
                  0x0003ea                  toupper
 .libc            0x0003f8          0xe c:/microchip starter kits/pic24f starter kit 1/mplab c30/bin/../lib\libc-coff.a(strlen.o)
                  0x0003f8                  strlen
 .libc            0x000406         0x10 c:/microchip starter kits/pic24f starter kit 1/mplab c30/bin/../lib\libc-coff.a(strcpy.o)
                  0x000406                  strcpy
 .libc            0x000416         0x12 c:/microchip starter kits/pic24f starter kit 1/mplab c30/bin/../lib\libc-coff.a(strchr.o)
                  0x000416                  strchr
 .libc            0x000428         0x1e c:/microchip starter kits/pic24f starter kit 1/mplab c30/bin/../lib\libc-coff.a(strcat.o)
                  0x000428                  strcat
 .libc            0x000446         0x2e c:/microchip starter kits/pic24f starter kit 1/mplab c30/bin/../lib\libc-coff.a(sprintf.io)
                  0x000446                  sprintf.io:_prout
                  0x000452                  _isprintf
 .libc            0x000474         0x24 c:/microchip starter kits/pic24f starter kit 1/mplab c30/bin/../lib\libc-coff.a(strncmp.o)
                  0x000474                  strncmp
 .libc            0x000498         0x20 c:/microchip starter kits/pic24f starter kit 1/mplab c30/bin/../lib\libc-coff.a(srand.o)
                  0x000498                  srand
 .libc            0x0004b8         0xa2 c:/microchip starter kits/pic24f starter kit 1/mplab c30/bin/../lib\libc-coff.a(rand.o)
                  0x0004b8                  rand
 .libc            0x00055a          0xe c:/microchip starter kits/pic24f starter kit 1/mplab c30/bin/../lib\libc-coff.a(xgetmem.o)
                  0x00055a                  _Getmem
 .libc            0x000568          0xe c:/microchip starter kits/pic24f starter kit 1/mplab c30/bin/../lib\libc-coff.a(memcpy.o)
                  0x000568                  memcpy
 .libc            0x000576        0x172 c:/microchip starter kits/pic24f starter kit 1/mplab c30/bin/../lib\libc-coff.a(xprintf.io)
                  0x000576                  __iPrintf
 .libc            0x0006e8          0xa c:/microchip starter kits/pic24f starter kit 1/mplab c30/bin/../lib\libc-coff.a(xvacopy.o)
                  0x0006e8                  _Vacopy
 .libc            0x0006f2        0x288 c:/microchip starter kits/pic24f starter kit 1/mplab c30/bin/../lib\libc-coff.a(xputfld.io)
                  0x0006f2                  __iPutfld
 .libc            0x00097a        0x194 c:/microchip starter kits/pic24f starter kit 1/mplab c30/bin/../lib\libc-coff.a(xputtxt.o)
                  0x00097a                  _Puttxt
 .libc            0x000b0e        0x16e c:/microchip starter kits/pic24f starter kit 1/mplab c30/bin/../lib\libc-coff.a(xlitob.o)
                  0x000b0e                  _Litob
 .libc            0x000c7c         0x16 c:/microchip starter kits/pic24f starter kit 1/mplab c30/bin/../lib\libc-coff.a(memchr.o)
                  0x000c7c                  memchr
 .libc            0x000c92         0x2c c:/microchip starter kits/pic24f starter kit 1/mplab c30/bin/../lib\libpic30-coff.a(sbrk.o)
                  0x000c92                  sbrk
 .libc            0x000cbe         0x1e c:/microchip starter kits/pic24f starter kit 1/mplab c30/bin/../lib\libpic30-coff.a(brk.o)
                  0x000cbe                  brk
 *(.libm)
 .libm            0x000cdc         0x20 c:/microchip starter kits/pic24f starter kit 1/mplab c30/bin/../lib\libm-coff.a(udivsi3.o)
                  0x000cdc                  __udivsi3
 .libm            0x000cfc          0xc c:/microchip starter kits/pic24f starter kit 1/mplab c30/bin/../lib\libm-coff.a(mulsi3.o)
                  0x000cfc                  __mulsi3
 .libm            0x000d08        0x212 c:/microchip starter kits/pic24f starter kit 1/mplab c30/bin/../lib\libm-coff.a(divmoddi3.o)
                  0x000d74                  __udivmoddi3
                  0x000e0c                  __udivdi3
                  0x000e1a                  __umoddi3
                  0x000e22                  __divdi3
                  0x000e58                  __moddi3
 .libm            0x000f1a         0x5c c:/microchip starter kits/pic24f starter kit 1/mplab c30/bin/../lib\libm-coff.a(muldi3.o)
                  0x000f1a                  __muldi3
 .libm            0x000f76         0x44 c:/microchip starter kits/pic24f starter kit 1/mplab c30/bin/../lib\libm-coff.a(umuldi3.o)
                  0x000f76                  __umuldi3
 *(.libdsp)
 *(.lib*)
 *(.text)
 .text            0x000fba        0x5b6 Objects - PIC24F Starter Kit\rtcc.o
                  0x000fba                  RTCCProcessEvents
                  0x00125c                  RTCCInit
                  0x00129c                  RTCCSet
                  0x0012e2                  RTCCUnlock
                  0x0012f8                  RTCCSetBinSec
                  0x00133a                  RTCCSetBinMin
                  0x00137c                  RTCCSetBinHour
                  0x0013be                  RTCCCalculateWeekDay
                  0x001444                  RTCCSetBinDay
                  0x0014da                  RTCCSetBinMonth
                  0x00151a                  RTCCSetBinYear
 .text            0x001570       0x25a4 ..\Microchip\USB\Objects - PIC24F Starter Kit\usb_host.o
                  0x001570                  USBHostClearEndpointErrors
                  0x0015be                  USBHostDeviceRequest
                  0x001688                  USBHostDeviceStatus
                  0x0016dc                  USBHostInit
                  0x001724                  USBHostRead
                  0x0017d4                  USBHostResetDevice
                  0x001802                  USBHostResumeDevice
                  0x001830                  USBHostSetDeviceConfiguration
                  0x001872                  USBHostShutdown
                  0x0018a2                  USBHostSuspendDevice
                  0x0018d0                  USBHostTasks
                  0x00244e                  USBHostTerminateTransfer
                  0x00248c                  USBHostTransferIsComplete
                  0x002536                  USBHostVbusEvent
                  0x002572                  USBHostWrite
                  0x002622                  _USB_CheckCommandAndEnumerationAttempts
                  0x002668                  _USB_FindClassDriver
                  0x0026e4                  _USB_FindDeviceLevelClientDriver
                  0x0027d2                  _USB_FindInterface
                  0x002806                  _USB_FindNextToken
                  0x002e3a                  _USB_FreeConfigMemory
                  0x002e88                  _USB_FreeMemory
                  0x002ed0                  _USB_InitControlRead
                  0x002f4c                  _USB_InitControlWrite
                  0x002fd6                  _USB_InitRead
                  0x00305e                  _USB_InitWrite
                  0x0030e6                  _USB_NotifyClients
                  0x003146                  _USB_ParseConfigurationDescriptor
                  0x00345e                  _USB_ResetDATA0
                  0x00348c                  _USB_SendToken
                  0x0034e0                  _USB_SetBDT
                  0x003634                  _USB_TransferInProgress
                  0x003660                  _USB1Interrupt
 .text            0x003b14       0x4698 ..\Microchip\MDD File System\Objects - PIC24F Starter Kit\FSIO.o
                  0x003b14                  FSInit
                  0x003ba4                  FILEfind
                  0x003d8a                  FILEopen
                  0x003ea6                  FILEget_next_cluster
                  0x003f28                  DISKmount
                  0x003f6a                  LoadMBR
                  0x004080                  LoadBootSector
                  0x00422e                  FSformat
                  0x0048a0                  Write_File_Entry
                  0x00490a                  FAT_erase_cluster_chain
                  0x004996                  Cache_File_Entry
                  0x004af8                  CreateFileEntry
                  0x004b62                  CreateFirstCluster
                  0x004b9c                  FindEmptyEntries
                  0x004c6c                  PopulateEntries
                  0x004d50                  CacheTime
                  0x004ea6                  FILEallocate_new_cluster
                  0x004f1a                  FATfindEmptyCluster
                  0x004f90                  FSfclose
                  0x00505a                  Fill_File_Object
                  0x0051b6                  LoadDirAttrib
                  0x005238                  FILEerase
                  0x0052e0                  FSrename
                  0x005716                  FSfopen
                  0x00595c                  FSftell
                  0x00596a                  FSremove
                  0x005a04                  FSrewind
                  0x005a34                  FileObjectCopy
                  0x005a72                  FILECreateHeadCluster
                  0x005ae2                  EraseCluster
                  0x005b6a                  Cluster2Sector
                  0x005bbe                  FSfwrite
                  0x005e30                  flushData
                  0x005e88                  FSfeof
                  0x005eac                  FSfread
                  0x006052                  FormatFileName
                  0x006166                  ValidateChars
                  0x00622e                  isShort
                  0x0062e6                  isDIR
                  0x006392                  FSfseek
                  0x00659e                  ReadFAT
                  0x006854                  WriteFAT
                  0x006b5e                  FSchdir
                  0x006b6e                  chdirhelper
                  0x006ed0                  FSgetcwd
                  0x0071d4                  GetPreviousEntry
                  0x007308                  FSmkdir
                  0x007318                  mkdirhelper
                  0x007560                  CreateDIR
                  0x00762c                  writeDotEntries
                  0x007738                  FSrmdir
                  0x00774c                  rmdirhelper
                  0x007bc4                  eraseDir
                  0x007c5a                  FormatDirName
                  0x007cd0                  FindFirst
                  0x007f6c                  FindNext
 .text            0x0081ac        0xbbc Objects - PIC24F Starter Kit\PIC24F Starter Kit.o
                  0x0081ac                  main
                  0x00820e                  GOLDrawCallback
                  0x00844a                  GOLMsgCallback
                  0x0085bc                  InitializeScreen
                  0x00860c                  PerformBoardTest
                  0x00870c                  ProcessMessageMain
                  0x00876a                  ShowScreenGeneric
                  0x008806                  ShowScreenMain
                  0x00886c                  TickInit
                  0x008884                  TranslateMessageGeneric
                  0x008bd8                  TranslateTouchpad
                  0x008cd4                  _T4Interrupt
                  0x008d04                  _DefaultInterrupt
                  0x008d18                  _OscillatorFail
                  0x008d2c                  _AddressError
                  0x008d40                  _StackError
                  0x008d54                  _MathError
 .text            0x008d68        0xdea ..\Microchip\Graphics\Objects - PIC24F Starter Kit\Primitive.o
                  0x008d68                  InitGraph
                  0x008d92                  Arc
                  0x00926c                  Line
                  0x0094b6                  Bevel
                  0x009662                  FillBevel
                  0x009858                  DrawPoly
                  0x0098b8                  Bar
                  0x0098f4                  SetFont
                  0x009924                  OutText
                  0x00994e                  OutTextXY
                  0x009984                  OutChar
                  0x009a40                  GetTextWidth
                  0x009aca                  GetTextHeight
                  0x009aee                  GetImageWidth
                  0x009b20                  GetImageHeight
 .text            0x009b52        0x9a2 ..\Microchip\Graphics\Objects - PIC24F Starter Kit\Slider.o
                  0x009b52                  SldCreate
                  0x009bf4                  SldSetThumbSize
                  0x009c28                  SldGetWidth
                  0x009c90                  SldGetHeight
                  0x009cf8                  SldGetMinMaxPos
                  0x009d66                  SldSetRange
                  0x009df4                  SldSetPage
                  0x009e38                  SldSetPos
                  0x009f10                  SldMsgDefault
                  0x009f9c                  SldTranslateMsg
                  0x00a010                  SldDraw
 .text            0x00a4f4        0x31a ..\Microchip\Graphics\Objects - PIC24F Starter Kit\StaticText.o
                  0x00a4f4                  StCreate
                  0x00a594                  StSetText
                  0x00a5b4                  StTranslateMsg
                  0x00a5d6                  StDraw
 .text            0x00a80e        0x87a ..\Microchip\Graphics\Objects - PIC24F Starter Kit\GOL.o
                  0x00a80e                  GOLGetFocusNext
                  0x00a842                  GOLSetFocus
                  0x00a880                  GOLCanBeFocused
                  0x00a8b8                  GOLCreateScheme
                  0x00a908                  GOLInit
                  0x00a916                  GOLFree
                  0x00a95a                  GOLFindObject
                  0x00a988                  GOLAddObject
                  0x00a9bc                  GOLDraw
                  0x00aaa0                  GOLRedrawRec
                  0x00ab42                  GOLMsg
                  0x00acc0                  GOLPanelDrawTsk
 .text            0x00b088        0x850 ..\Microchip\Graphics\Objects - PIC24F Starter Kit\ListBox.o
                  0x00b088                  LbCreate
                  0x00b192                  LbAddItem
                  0x00b230                  LbDelItem
                  0x00b292                  LbDelItemsList
                  0x00b2be                  LbGetSel
                  0x00b2ee                  LbChangeSel
                  0x00b350                  LbSetFocusedItem
                  0x00b3a8                  LbGetFocusedItem
                  0x00b3ea                  LbTranslateMsg
                  0x00b462                  LbMsgDefault
                  0x00b4ec                  LbDraw
 .text            0x00b8d8        0x278 ..\Microchip\Graphics\Objects - PIC24F Starter Kit\Picture.o
                  0x00b8d8                  PictCreate
                  0x00b960                  PictTranslateMsg
                  0x00b982                  PictDraw
 .text            0x00bb50        0x4a6 ..\Microchip\Graphics\Objects - PIC24F Starter Kit\Button.o
                  0x00bb50                  BtnCreate
                  0x00bc24                  BtnSetText
                  0x00bc56                  BtnMsgDefault
                  0x00bc9a                  BtnTranslateMsg
                  0x00bd12                  BtnDraw
 .text            0x00bff6        0xea2 Objects - PIC24F Starter Kit\Demos.o
                  0x00bff6                  AdjustColorPWM
                  0x00c030                  CaptureMonitorMedia
                  0x00c2ba                  DrawGraphLine
                  0x00c36e                  DrawGridHorizontals
                  0x00c394                  DrawGridVerticals
                  0x00c3bc                  GraphReadPotentiometer
                  0x00c484                  ProcessMessageDemos
                  0x00c504                  ProcessMessageGraph
                  0x00c57a                  ProcessMessageRGB
                  0x00c774                  RGBSetBlue
                  0x00c78e                  RGBSetGreen
                  0x00c7a8                  RGBSetRed
                  0x00c7c2                  RGBMapColorPins
                  0x00c814                  RGBTurnOffLED
                  0x00c836                  RGBTurnOnLED
                  0x00c896                  ShowScreenCapture
                  0x00c954                  ShowScreenCaptureMedia
                  0x00c9e8                  ShowScreenDemos
                  0x00ca38                  ShowScreenGraph
                  0x00caf6                  ShowScreenRGB
                  0x00cc84                  TranslateMessageGraph
                  0x00ccea                  TranslateMessageRGB
                  0x00cdaa                  UpdateGraph
                  0x00ce34                  WriteOneBuffer
 .text            0x00ce98        0x82a Objects - PIC24F Starter Kit\Flash.o
                  0x00ce98                  FlashDeleteListBoxItems
                  0x00ceca                  FlashDisplayDirectory
                  0x00cf2e                  FlashDisplayFiles
                  0x00cfc6                  FlashFormatFileInformation
                  0x00d018                  FlashMonitorMedia
                  0x00d0b4                  FlashUpdateVolume
                  0x00d11a                  ProcessMessageFlash
                  0x00d204                  ProcessMessageFlashError
                  0x00d216                  ShowScreenFlash
                  0x00d2aa                  ShowScreenFlashError
                  0x00d5d2                  TranslateMessageFlash
                  0x00d63e                  TranslateMessageFlashError
                  0x00d662                  USB_ApplicationEventHandler
 .text            0x00d6c2        0xc56 Objects - PIC24F Starter Kit\Utilities.o
                  0x00d6c2                  CalibrateCTMU
                  0x00d956                  IndicateFocus
                  0x00d99c                  ProcessMessageCTMU
                  0x00d9aa                  ProcessMessageTime
                  0x00dc46                  ProcessMessageUtilities
                  0x00dcc2                  ShowScreenCTMU
                  0x00dcfe                  ShowScreenTime
                  0x00e0b8                  ShowScreenUtilities
                  0x00e10e                  TranslateMessageCTMU
                  0x00e11c                  TranslateMessageTime
                  0x00e282                  UpdateDateTime
 .text            0x00e318        0x4a2 Objects - PIC24F Starter Kit\TouchSense.o
                  0x00e318                  CTMUInit
                  0x00e390                  ReadCTMU
                  0x00e628                  SetNextChannel
                  0x00e63e                  TouchSenseButtonsMsg
 .text            0x00e7ba       0x1b82 Objects - PIC24F Starter Kit\Games.o
                  0x00e7ba                  InitializeRandomNumberGenerator
                  0x00e7d0                  ProcessMessageGames
                  0x00e84c                  ProcessMessageScore
                  0x00e85e                  Random
                  0x00e886                  ShowScreenGames
                  0x00e8d6                  ShowScreenScore
                  0x00e96c                  TranslateMessageScore
                  0x00e990                  DrawBlaster
                  0x00f344                  FindNextPosition
                  0x00f514                  ProcessMessageBlaster
                  0x00f5a4                  ShowScreenBlaster
                  0x00f64e                  TranslateMessageBlaster
                  0x00f6e8                  CompactHorizontal
                  0x00f7c2                  CompactVertical
                  0x00f872                  FindBallNumber
                  0x00f8c0                  MarkAllNeighbors
                  0x00f9b6                  MovesRemaining
                  0x00fa90                  ProcessMessageShapelet
                  0x00fc2e                  ShowScreenShapelet
                  0x00fcfe                  TranslateMessageShapelet
                  0x00fd16                  DrawSnake
                  0x0100be                  ProcessMessageSnake
                  0x01012e                  ShowScreenSnake
                  0x0102bc                  TranslateMessageSnake
 .text            0x01033c        0x450 ..\Microchip\Graphics\Objects - PIC24F Starter Kit\EditBox.o
                  0x01033c                  EbCreate
                  0x0103f2                  EbSetText
                  0x010448                  EbAddChar
                  0x010484                  EbDeleteChar
                  0x0104ac                  EbTranslateMsg
                  0x010500                  EbMsgDefault
                  0x010546                  EbDraw
 .text            0x01078c        0x4de ..\Microchip\Graphics\Objects - PIC24F Starter Kit\RoundDial.o
                  0x01078c                  RdiaCreate
                  0x01082e                  RdiaMsgDefault
                  0x010866                  RdiaCosine
                  0x0108cc                  RdiaSine
                  0x010932                  RdiaTranslateMsg
                  0x010a2e                  RdiaDraw
 .text            0x010c6a        0x938 ..\Microchip\Graphics\Objects - PIC24F Starter Kit\Grid.o
                  0x010c6a                  GridCreate
                  0x010d44                  GridDraw
                  0x011148                  GridFreeItems
                  0x01116a                  GridSetCell
                  0x0111ce                  GridClearCellState
                  0x011228                  GridSetFocus
                  0x011256                  GridSetCellState
                  0x0112ae                  GridGetCell
                  0x011310                  GridMsgDefault
                  0x01150a                  GridTranslateMsg
 .text            0x0115a2        0x810 ..\Microchip\Graphics\Objects - PIC24F Starter Kit\SH1101A.o
                  0x0115a2                  DelayMs
                  0x0115c6                  ResetDevice
                  0x011882                  PutPixel
                  0x011a3e                  GetPixel
                  0x011bba                  ClearDevice
                  0x011c46                  PutImage
                  0x011c7c                  PutImage1BPP
 .text            0x011db2        0x450 ..\Microchip\USB\MSD Host Driver\Objects - PIC24F Starter Kit\usb_host_msd_scsi.o
                  0x011db2                  USBHostMSDSCSIInitialize
                  0x011dd4                  USBHostMSDSCSIEventHandler
                  0x011e46                  USBHostMSDSCSIMediaDetect
                  0x011e66                  USBHostMSDSCSIMediaInitialize
                  0x011fa6                  USBHostMSDSCSIMediaReset
                  0x011ff6                  USBHostMSDSCSISectorRead
                  0x0120b8                  USBHostMSDSCSISectorWrite
                  0x012192                  USBHostMSDSCSIWriteProtectState
                  0x01219a                  ReadWord
                  0x0121ce                  ReadDWord
 .text            0x012202       0x154a ..\Microchip\USB\MSD Host Driver\Objects - PIC24F Starter Kit\usb_host_msd.o
                  0x012202                  USBHostMSDDeviceStatus
                  0x0122d6                  USBHostMSDResetDevice
                  0x012392                  USBHostMSDTasks
                  0x013040                  USBHostMSDTerminateTransfer
                  0x0130e2                  USBHostMSDTransfer
                  0x01335e                  USBHostMSDTransferIsComplete
                  0x01343a                  USBHostMSDInitialize
                  0x0135dc                  USBHostMSDEventHandler
                  0x01367a                  _USBHostMSD_GetNextTag
                  0x013690                  _USBHostMSD_ResetStateJump

__CONFIG3
 *(__CONFIG3.sec)

__CONFIG2         0x02abfc          0x2
 *(__CONFIG2.sec)
 __CONFIG2.sec    0x02abfc          0x2 Objects - PIC24F Starter Kit\PIC24F Starter Kit.o

__CONFIG1         0x02abfe          0x2
 *(__CONFIG1.sec)
 __CONFIG1.sec    0x02abfe          0x2 Objects - PIC24F Starter Kit\PIC24F Starter Kit.o

.comment
 *(.comment)

.debug_info
 *(.debug_info)
 *(.gnu.linkonce.wi.*)

.debug_abbrev
 *(.debug_abbrev)

.debug_line
 *(.debug_line)

.debug_frame
 *(.debug_frame)

.debug_str
 *(.debug_str)

.debug_loc
 *(.debug_loc)

.debug_macinfo
 *(.debug_macinfo)

.debug_pubnames
 *(.debug_pubnames)

.debug_ranges
 *(.debug_ranges)

.debug_aranges
 *(.debug_aranges)

.ivt              0x000004         0xfc
                  0x000004          0x4 LONG 0x8d04 DEFINED (__ReservedTrap0)?<code 336> (__ReservedTrap0):<code 336> (__DefaultInterrupt)
                  0x000006          0x4 LONG 0x8d18 DEFINED (__OscillatorFail)?<code 336> (__OscillatorFail):<code 336> (__DefaultInterrupt)
                  0x000008          0x4 LONG 0x8d2c DEFINED (__AddressError)?<code 336> (__AddressError):<code 336> (__DefaultInterrupt)
                  0x00000a          0x4 LONG 0x8d40 DEFINED (__StackError)?<code 336> (__StackError):<code 336> (__DefaultInterrupt)
                  0x00000c          0x4 LONG 0x8d54 DEFINED (__MathError)?<code 336> (__MathError):<code 336> (__DefaultInterrupt)
                  0x00000e          0x4 LONG 0x8d04 DEFINED (__ReservedTrap5)?<code 336> (__ReservedTrap5):<code 336> (__DefaultInterrupt)
                  0x000010          0x4 LONG 0x8d04 DEFINED (__ReservedTrap6)?<code 336> (__ReservedTrap6):<code 336> (__DefaultInterrupt)
                  0x000012          0x4 LONG 0x8d04 DEFINED (__ReservedTrap7)?<code 336> (__ReservedTrap7):<code 336> (__DefaultInterrupt)
                  0x000014          0x4 LONG 0x8d04 DEFINED (__INT0Interrupt)?<code 336> (__INT0Interrupt):<code 336> (__DefaultInterrupt)
                  0x000016          0x4 LONG 0x8d04 DEFINED (__IC1Interrupt)?<code 336> (__IC1Interrupt):<code 336> (__DefaultInterrupt)
                  0x000018          0x4 LONG 0x8d04 DEFINED (__OC1Interrupt)?<code 336> (__OC1Interrupt):<code 336> (__DefaultInterrupt)
                  0x00001a          0x4 LONG 0x8d04 DEFINED (__T1Interrupt)?<code 336> (__T1Interrupt):<code 336> (__DefaultInterrupt)
                  0x00001c          0x4 LONG 0x8d04 DEFINED (__Interrupt4)?<code 336> (__Interrupt4):<code 336> (__DefaultInterrupt)
                  0x00001e          0x4 LONG 0x8d04 DEFINED (__IC2Interrupt)?<code 336> (__IC2Interrupt):<code 336> (__DefaultInterrupt)
                  0x000020          0x4 LONG 0x8d04 DEFINED (__OC2Interrupt)?<code 336> (__OC2Interrupt):<code 336> (__DefaultInterrupt)
                  0x000022          0x4 LONG 0x8d04 DEFINED (__T2Interrupt)?<code 336> (__T2Interrupt):<code 336> (__DefaultInterrupt)
                  0x000024          0x4 LONG 0x8d04 DEFINED (__T3Interrupt)?<code 336> (__T3Interrupt):<code 336> (__DefaultInterrupt)
                  0x000026          0x4 LONG 0x8d04 DEFINED (__SPI1ErrInterrupt)?<code 336> (__SPI1ErrInterrupt):<code 336> (__DefaultInterrupt)
                  0x000028          0x4 LONG 0x8d04 DEFINED (__SPI1Interrupt)?<code 336> (__SPI1Interrupt):<code 336> (__DefaultInterrupt)
                  0x00002a          0x4 LONG 0x8d04 DEFINED (__U1RXInterrupt)?<code 336> (__U1RXInterrupt):<code 336> (__DefaultInterrupt)
                  0x00002c          0x4 LONG 0x8d04 DEFINED (__U1TXInterrupt)?<code 336> (__U1TXInterrupt):<code 336> (__DefaultInterrupt)
                  0x00002e          0x4 LONG 0x8d04 DEFINED (__ADC1Interrupt)?<code 336> (__ADC1Interrupt):<code 336> (__DefaultInterrupt)
                  0x000030          0x4 LONG 0x8d04 DEFINED (__Interrupt14)?<code 336> (__Interrupt14):<code 336> (__DefaultInterrupt)
                  0x000032          0x4 LONG 0x8d04 DEFINED (__Interrupt15)?<code 336> (__Interrupt15):<code 336> (__DefaultInterrupt)
                  0x000034          0x4 LONG 0x8d04 DEFINED (__SI2C1Interrupt)?<code 336> (__SI2C1Interrupt):<code 336> (__DefaultInterrupt)
                  0x000036          0x4 LONG 0x8d04 DEFINED (__MI2C1Interrupt)?<code 336> (__MI2C1Interrupt):<code 336> (__DefaultInterrupt)
                  0x000038          0x4 LONG 0x8d04 DEFINED (__CompInterrupt)?<code 336> (__CompInterrupt):<code 336> (__DefaultInterrupt)
                  0x00003a          0x4 LONG 0x8d04 DEFINED (__CNInterrupt)?<code 336> (__CNInterrupt):<code 336> (__DefaultInterrupt)
                  0x00003c          0x4 LONG 0x8d04 DEFINED (__INT1Interrupt)?<code 336> (__INT1Interrupt):<code 336> (__DefaultInterrupt)
                  0x00003e          0x4 LONG 0x8d04 DEFINED (__Interrupt21)?<code 336> (__Interrupt21):<code 336> (__DefaultInterrupt)
                  0x000040          0x4 LONG 0x8d04 DEFINED (__IC7Interrupt)?<code 336> (__IC7Interrupt):<code 336> (__DefaultInterrupt)
                  0x000042          0x4 LONG 0x8d04 DEFINED (__IC8Interrupt)?<code 336> (__IC8Interrupt):<code 336> (__DefaultInterrupt)
                  0x000044          0x4 LONG 0x8d04 DEFINED (__Interrupt24)?<code 336> (__Interrupt24):<code 336> (__DefaultInterrupt)
                  0x000046          0x4 LONG 0x8d04 DEFINED (__OC3Interrupt)?<code 336> (__OC3Interrupt):<code 336> (__DefaultInterrupt)
                  0x000048          0x4 LONG 0x8d04 DEFINED (__OC4Interrupt)?<code 336> (__OC4Interrupt):<code 336> (__DefaultInterrupt)
                  0x00004a          0x4 LONG 0x8cd4 DEFINED (__T4Interrupt)?<code 336> (__T4Interrupt):<code 336> (__DefaultInterrupt)
                  0x00004c          0x4 LONG 0x8d04 DEFINED (__T5Interrupt)?<code 336> (__T5Interrupt):<code 336> (__DefaultInterrupt)
                  0x00004e          0x4 LONG 0x8d04 DEFINED (__INT2Interrupt)?<code 336> (__INT2Interrupt):<code 336> (__DefaultInterrupt)
                  0x000050          0x4 LONG 0x8d04 DEFINED (__U2RXInterrupt)?<code 336> (__U2RXInterrupt):<code 336> (__DefaultInterrupt)
                  0x000052          0x4 LONG 0x8d04 DEFINED (__U2TXInterrupt)?<code 336> (__U2TXInterrupt):<code 336> (__DefaultInterrupt)
                  0x000054          0x4 LONG 0x8d04 DEFINED (__SPI2ErrInterrupt)?<code 336> (__SPI2ErrInterrupt):<code 336> (__DefaultInterrupt)
                  0x000056          0x4 LONG 0x8d04 DEFINED (__SPI2Interrupt)?<code 336> (__SPI2Interrupt):<code 336> (__DefaultInterrupt)
                  0x000058          0x4 LONG 0x8d04 DEFINED (__Interrupt34)?<code 336> (__Interrupt34):<code 336> (__DefaultInterrupt)
                  0x00005a          0x4 LONG 0x8d04 DEFINED (__Interrupt35)?<code 336> (__Interrupt35):<code 336> (__DefaultInterrupt)
                  0x00005c          0x4 LONG 0x8d04 DEFINED (__Interrupt36)?<code 336> (__Interrupt36):<code 336> (__DefaultInterrupt)
                  0x00005e          0x4 LONG 0x8d04 DEFINED (__IC3Interrupt)?<code 336> (__IC3Interrupt):<code 336> (__DefaultInterrupt)
                  0x000060          0x4 LONG 0x8d04 DEFINED (__IC4Interrupt)?<code 336> (__IC4Interrupt):<code 336> (__DefaultInterrupt)
                  0x000062          0x4 LONG 0x8d04 DEFINED (__IC5Interrupt)?<code 336> (__IC5Interrupt):<code 336> (__DefaultInterrupt)
                  0x000064          0x4 LONG 0x8d04 DEFINED (__IC6Interrupt)?<code 336> (__IC6Interrupt):<code 336> (__DefaultInterrupt)
                  0x000066          0x4 LONG 0x8d04 DEFINED (__OC5Interrupt)?<code 336> (__OC5Interrupt):<code 336> (__DefaultInterrupt)
                  0x000068          0x4 LONG 0x8d04 DEFINED (__OC6Interrupt)?<code 336> (__OC6Interrupt):<code 336> (__DefaultInterrupt)
                  0x00006a          0x4 LONG 0x8d04 DEFINED (__OC7Interrupt)?<code 336> (__OC7Interrupt):<code 336> (__DefaultInterrupt)
                  0x00006c          0x4 LONG 0x8d04 DEFINED (__OC8Interrupt)?<code 336> (__OC8Interrupt):<code 336> (__DefaultInterrupt)
                  0x00006e          0x4 LONG 0x8d04 DEFINED (__PMPInterrupt)?<code 336> (__PMPInterrupt):<code 336> (__DefaultInterrupt)
                  0x000070          0x4 LONG 0x8d04 DEFINED (__Interrupt46)?<code 336> (__Interrupt46):<code 336> (__DefaultInterrupt)
                  0x000072          0x4 LONG 0x8d04 DEFINED (__Interrupt47)?<code 336> (__Interrupt47):<code 336> (__DefaultInterrupt)
                  0x000074          0x4 LONG 0x8d04 DEFINED (__Interrupt48)?<code 336> (__Interrupt48):<code 336> (__DefaultInterrupt)
                  0x000076          0x4 LONG 0x8d04 DEFINED (__SI2C2Interrupt)?<code 336> (__SI2C2Interrupt):<code 336> (__DefaultInterrupt)
                  0x000078          0x4 LONG 0x8d04 DEFINED (__MI2C2Interrupt)?<code 336> (__MI2C2Interrupt):<code 336> (__DefaultInterrupt)
                  0x00007a          0x4 LONG 0x8d04 DEFINED (__Interrupt51)?<code 336> (__Interrupt51):<code 336> (__DefaultInterrupt)
                  0x00007c          0x4 LONG 0x8d04 DEFINED (__Interrupt52)?<code 336> (__Interrupt52):<code 336> (__DefaultInterrupt)
                  0x00007e          0x4 LONG 0x8d04 DEFINED (__INT3Interrupt)?<code 336> (__INT3Interrupt):<code 336> (__DefaultInterrupt)
                  0x000080          0x4 LONG 0x8d04 DEFINED (__INT4Interrupt)?<code 336> (__INT4Interrupt):<code 336> (__DefaultInterrupt)
                  0x000082          0x4 LONG 0x8d04 DEFINED (__Interrupt55)?<code 336> (__Interrupt55):<code 336> (__DefaultInterrupt)
                  0x000084          0x4 LONG 0x8d04 DEFINED (__Interrupt56)?<code 336> (__Interrupt56):<code 336> (__DefaultInterrupt)
                  0x000086          0x4 LONG 0x8d04 DEFINED (__Interrupt57)?<code 336> (__Interrupt57):<code 336> (__DefaultInterrupt)
                  0x000088          0x4 LONG 0x8d04 DEFINED (__Interrupt58)?<code 336> (__Interrupt58):<code 336> (__DefaultInterrupt)
                  0x00008a          0x4 LONG 0x8d04 DEFINED (__Interrupt59)?<code 336> (__Interrupt59):<code 336> (__DefaultInterrupt)
                  0x00008c          0x4 LONG 0x8d04 DEFINED (__Interrupt60)?<code 336> (__Interrupt60):<code 336> (__DefaultInterrupt)
                  0x00008e          0x4 LONG 0x8d04 DEFINED (__Interrupt61)?<code 336> (__Interrupt61):<code 336> (__DefaultInterrupt)
                  0x000090          0x4 LONG 0x8d04 DEFINED (__RTCCInterrupt)?<code 336> (__RTCCInterrupt):<code 336> (__DefaultInterrupt)
                  0x000092          0x4 LONG 0x8d04 DEFINED (__Interrupt63)?<code 336> (__Interrupt63):<code 336> (__DefaultInterrupt)
                  0x000094          0x4 LONG 0x8d04 DEFINED (__Interrupt64)?<code 336> (__Interrupt64):<code 336> (__DefaultInterrupt)
                  0x000096          0x4 LONG 0x8d04 DEFINED (__U1ErrInterrupt)?<code 336> (__U1ErrInterrupt):<code 336> (__DefaultInterrupt)
                  0x000098          0x4 LONG 0x8d04 DEFINED (__U2ErrInterrupt)?<code 336> (__U2ErrInterrupt):<code 336> (__DefaultInterrupt)
                  0x00009a          0x4 LONG 0x8d04 DEFINED (__CRCInterrupt)?<code 336> (__CRCInterrupt):<code 336> (__DefaultInterrupt)
                  0x00009c          0x4 LONG 0x8d04 DEFINED (__Interrupt68)?<code 336> (__Interrupt68):<code 336> (__DefaultInterrupt)
                  0x00009e          0x4 LONG 0x8d04 DEFINED (__Interrupt69)?<code 336> (__Interrupt69):<code 336> (__DefaultInterrupt)
                  0x0000a0          0x4 LONG 0x8d04 DEFINED (__Interrupt70)?<code 336> (__Interrupt70):<code 336> (__DefaultInterrupt)
                  0x0000a2          0x4 LONG 0x8d04 DEFINED (__Interrupt71)?<code 336> (__Interrupt71):<code 336> (__DefaultInterrupt)
                  0x0000a4          0x4 LONG 0x8d04 DEFINED (__LVDInterrupt)?<code 336> (__LVDInterrupt):<code 336> (__DefaultInterrupt)
                  0x0000a6          0x4 LONG 0x8d04 DEFINED (__Interrupt73)?<code 336> (__Interrupt73):<code 336> (__DefaultInterrupt)
                  0x0000a8          0x4 LONG 0x8d04 DEFINED (__Interrupt74)?<code 336> (__Interrupt74):<code 336> (__DefaultInterrupt)
                  0x0000aa          0x4 LONG 0x8d04 DEFINED (__Interrupt75)?<code 336> (__Interrupt75):<code 336> (__DefaultInterrupt)
                  0x0000ac          0x4 LONG 0x8d04 DEFINED (__Interrupt76)?<code 336> (__Interrupt76):<code 336> (__DefaultInterrupt)
                  0x0000ae          0x4 LONG 0x8d04 DEFINED (__CTMUInterrupt)?<code 336> (__CTMUInterrupt):<code 336> (__DefaultInterrupt)
                  0x0000b0          0x4 LONG 0x8d04 DEFINED (__Interrupt78)?<code 336> (__Interrupt78):<code 336> (__DefaultInterrupt)
                  0x0000b2          0x4 LONG 0x8d04 DEFINED (__Interrupt79)?<code 336> (__Interrupt79):<code 336> (__DefaultInterrupt)
                  0x0000b4          0x4 LONG 0x8d04 DEFINED (__Interrupt80)?<code 336> (__Interrupt80):<code 336> (__DefaultInterrupt)
                  0x0000b6          0x4 LONG 0x8d04 DEFINED (__U3ErrInterrupt)?<code 336> (__U3ErrInterrupt):<code 336> (__DefaultInterrupt)
                  0x0000b8          0x4 LONG 0x8d04 DEFINED (__U3RXInterrupt)?<code 336> (__U3RXInterrupt):<code 336> (__DefaultInterrupt)
                  0x0000ba          0x4 LONG 0x8d04 DEFINED (__U3TXInterrupt)?<code 336> (__U3TXInterrupt):<code 336> (__DefaultInterrupt)
                  0x0000bc          0x4 LONG 0x8d04 DEFINED (__SI2C3Interrupt)?<code 336> (__SI2C3Interrupt):<code 336> (__DefaultInterrupt)
                  0x0000be          0x4 LONG 0x8d04 DEFINED (__MI2C3Interrupt)?<code 336> (__MI2C3Interrupt):<code 336> (__DefaultInterrupt)
                  0x0000c0          0x4 LONG 0x3660 DEFINED (__USB1Interrupt)?<code 336> (__USB1Interrupt):<code 336> (__DefaultInterrupt)
                  0x0000c2          0x4 LONG 0x8d04 DEFINED (__U4ErrInterrupt)?<code 336> (__U4ErrInterrupt):<code 336> (__DefaultInterrupt)
                  0x0000c4          0x4 LONG 0x8d04 DEFINED (__U4RXInterrupt)?<code 336> (__U4RXInterrupt):<code 336> (__DefaultInterrupt)
                  0x0000c6          0x4 LONG 0x8d04 DEFINED (__U4TXInterrupt)?<code 336> (__U4TXInterrupt):<code 336> (__DefaultInterrupt)
                  0x0000c8          0x4 LONG 0x8d04 DEFINED (__SPI3ErrInterrupt)?<code 336> (__SPI3ErrInterrupt):<code 336> (__DefaultInterrupt)
                  0x0000ca          0x4 LONG 0x8d04 DEFINED (__SPI3Interrupt)?<code 336> (__SPI3Interrupt):<code 336> (__DefaultInterrupt)
                  0x0000cc          0x4 LONG 0x8d04 DEFINED (__OC9Interrupt)?<code 336> (__OC9Interrupt):<code 336> (__DefaultInterrupt)
                  0x0000ce          0x4 LONG 0x8d04 DEFINED (__IC9Interrupt)?<code 336> (__IC9Interrupt):<code 336> (__DefaultInterrupt)
                  0x0000d0          0x4 LONG 0x8d04 DEFINED (__Interrupt94)?<code 336> (__Interrupt94):<code 336> (__DefaultInterrupt)
                  0x0000d2          0x4 LONG 0x8d04 DEFINED (__Interrupt95)?<code 336> (__Interrupt95):<code 336> (__DefaultInterrupt)
                  0x0000d4          0x4 LONG 0x8d04 DEFINED (__Interrupt96)?<code 336> (__Interrupt96):<code 336> (__DefaultInterrupt)
                  0x0000d6          0x4 LONG 0x8d04 DEFINED (__Interrupt97)?<code 336> (__Interrupt97):<code 336> (__DefaultInterrupt)
                  0x0000d8          0x4 LONG 0x8d04 DEFINED (__Interrupt98)?<code 336> (__Interrupt98):<code 336> (__DefaultInterrupt)
                  0x0000da          0x4 LONG 0x8d04 DEFINED (__Interrupt99)?<code 336> (__Interrupt99):<code 336> (__DefaultInterrupt)
                  0x0000dc          0x4 LONG 0x8d04 DEFINED (__Interrupt100)?<code 336> (__Interrupt100):<code 336> (__DefaultInterrupt)
                  0x0000de          0x4 LONG 0x8d04 DEFINED (__Interrupt101)?<code 336> (__Interrupt101):<code 336> (__DefaultInterrupt)
                  0x0000e0          0x4 LONG 0x8d04 DEFINED (__Interrupt102)?<code 336> (__Interrupt102):<code 336> (__DefaultInterrupt)
                  0x0000e2          0x4 LONG 0x8d04 DEFINED (__Interrupt103)?<code 336> (__Interrupt103):<code 336> (__DefaultInterrupt)
                  0x0000e4          0x4 LONG 0x8d04 DEFINED (__Interrupt104)?<code 336> (__Interrupt104):<code 336> (__DefaultInterrupt)
                  0x0000e6          0x4 LONG 0x8d04 DEFINED (__Interrupt105)?<code 336> (__Interrupt105):<code 336> (__DefaultInterrupt)
                  0x0000e8          0x4 LONG 0x8d04 DEFINED (__Interrupt106)?<code 336> (__Interrupt106):<code 336> (__DefaultInterrupt)
                  0x0000ea          0x4 LONG 0x8d04 DEFINED (__Interrupt107)?<code 336> (__Interrupt107):<code 336> (__DefaultInterrupt)
                  0x0000ec          0x4 LONG 0x8d04 DEFINED (__Interrupt108)?<code 336> (__Interrupt108):<code 336> (__DefaultInterrupt)
                  0x0000ee          0x4 LONG 0x8d04 DEFINED (__Interrupt109)?<code 336> (__Interrupt109):<code 336> (__DefaultInterrupt)
                  0x0000f0          0x4 LONG 0x8d04 DEFINED (__Interrupt110)?<code 336> (__Interrupt110):<code 336> (__DefaultInterrupt)
                  0x0000f2          0x4 LONG 0x8d04 DEFINED (__Interrupt111)?<code 336> (__Interrupt111):<code 336> (__DefaultInterrupt)
                  0x0000f4          0x4 LONG 0x8d04 DEFINED (__Interrupt112)?<code 336> (__Interrupt112):<code 336> (__DefaultInterrupt)
                  0x0000f6          0x4 LONG 0x8d04 DEFINED (__Interrupt113)?<code 336> (__Interrupt113):<code 336> (__DefaultInterrupt)
                  0x0000f8          0x4 LONG 0x8d04 DEFINED (__Interrupt114)?<code 336> (__Interrupt114):<code 336> (__DefaultInterrupt)
                  0x0000fa          0x4 LONG 0x8d04 DEFINED (__Interrupt115)?<code 336> (__Interrupt115):<code 336> (__DefaultInterrupt)
                  0x0000fc          0x4 LONG 0x8d04 DEFINED (__Interrupt116)?<code 336> (__Interrupt116):<code 336> (__DefaultInterrupt)
                  0x0000fe          0x4 LONG 0x8d04 DEFINED (__Interrupt117)?<code 336> (__Interrupt117):<code 336> (__DefaultInterrupt)

.aivt             0x000104         0xfc
                  0x000104          0x4 LONG 0x8d04 DEFINED (__AltReservedTrap0)?<code 336> (__AltReservedTrap0):DEFINED (__ReservedTrap0)?<code 336> (__ReservedTrap0):<code 336> (__DefaultInterrupt)
                  0x000106          0x4 LONG 0x8d18 DEFINED (__AltOscillatorFail)?<code 336> (__AltOscillatorFail):DEFINED (__OscillatorFail)?<code 336> (__OscillatorFail):<code 336> (__DefaultInterrupt)
                  0x000108          0x4 LONG 0x8d2c DEFINED (__AltAddressError)?<code 336> (__AltAddressError):DEFINED (__AddressError)?<code 336> (__AddressError):<code 336> (__DefaultInterrupt)
                  0x00010a          0x4 LONG 0x8d40 DEFINED (__AltStackError)?<code 336> (__AltStackError):DEFINED (__StackError)?<code 336> (__StackError):<code 336> (__DefaultInterrupt)
                  0x00010c          0x4 LONG 0x8d54 DEFINED (__AltMathError)?<code 336> (__AltMathError):DEFINED (__MathError)?<code 336> (__MathError):<code 336> (__DefaultInterrupt)
                  0x00010e          0x4 LONG 0x8d04 DEFINED (__AltReservedTrap5)?<code 336> (__AltReservedTrap5):DEFINED (__ReservedTrap5)?<code 336> (__ReservedTrap5):<code 336> (__DefaultInterrupt)
                  0x000110          0x4 LONG 0x8d04 DEFINED (__AltReservedTrap6)?<code 336> (__AltReservedTrap6):DEFINED (__ReservedTrap6)?<code 336> (__ReservedTrap6):<code 336> (__DefaultInterrupt)
                  0x000112          0x4 LONG 0x8d04 DEFINED (__AltReservedTrap7)?<code 336> (__AltReservedTrap7):DEFINED (__ReservedTrap7)?<code 336> (__ReservedTrap7):<code 336> (__DefaultInterrupt)
                  0x000114          0x4 LONG 0x8d04 DEFINED (__AltINT0Interrupt)?<code 336> (__AltINT0Interrupt):DEFINED (__INT0Interrupt)?<code 336> (__INT0Interrupt):<code 336> (__DefaultInterrupt)
                  0x000116          0x4 LONG 0x8d04 DEFINED (__AltIC1Interrupt)?<code 336> (__AltIC1Interrupt):DEFINED (__IC1Interrupt)?<code 336> (__IC1Interrupt):<code 336> (__DefaultInterrupt)
                  0x000118          0x4 LONG 0x8d04 DEFINED (__AltOC1Interrupt)?<code 336> (__AltOC1Interrupt):DEFINED (__OC1Interrupt)?<code 336> (__OC1Interrupt):<code 336> (__DefaultInterrupt)
                  0x00011a          0x4 LONG 0x8d04 DEFINED (__AltT1Interrupt)?<code 336> (__AltT1Interrupt):DEFINED (__T1Interrupt)?<code 336> (__T1Interrupt):<code 336> (__DefaultInterrupt)
                  0x00011c          0x4 LONG 0x8d04 DEFINED (__AltInterrupt4)?<code 336> (__AltInterrupt4):DEFINED (__Interrupt4)?<code 336> (__Interrupt4):<code 336> (__DefaultInterrupt)
                  0x00011e          0x4 LONG 0x8d04 DEFINED (__AltIC2Interrupt)?<code 336> (__AltIC2Interrupt):DEFINED (__IC2Interrupt)?<code 336> (__IC2Interrupt):<code 336> (__DefaultInterrupt)
                  0x000120          0x4 LONG 0x8d04 DEFINED (__AltOC2Interrupt)?<code 336> (__AltOC2Interrupt):DEFINED (__OC2Interrupt)?<code 336> (__OC2Interrupt):<code 336> (__DefaultInterrupt)
                  0x000122          0x4 LONG 0x8d04 DEFINED (__AltT2Interrupt)?<code 336> (__AltT2Interrupt):DEFINED (__T2Interrupt)?<code 336> (__T2Interrupt):<code 336> (__DefaultInterrupt)
                  0x000124          0x4 LONG 0x8d04 DEFINED (__AltT3Interrupt)?<code 336> (__AltT3Interrupt):DEFINED (__T3Interrupt)?<code 336> (__T3Interrupt):<code 336> (__DefaultInterrupt)
                  0x000126          0x4 LONG 0x8d04 DEFINED (__AltSPI1ErrInterrupt)?<code 336> (__AltSPI1ErrInterrupt):DEFINED (__SPI1ErrInterrupt)?<code 336> (__SPI1ErrInterrupt):<code 336> (__DefaultInterrupt)
                  0x000128          0x4 LONG 0x8d04 DEFINED (__AltSPI1Interrupt)?<code 336> (__AltSPI1Interrupt):DEFINED (__SPI1Interrupt)?<code 336> (__SPI1Interrupt):<code 336> (__DefaultInterrupt)
                  0x00012a          0x4 LONG 0x8d04 DEFINED (__AltU1RXInterrupt)?<code 336> (__AltU1RXInterrupt):DEFINED (__U1RXInterrupt)?<code 336> (__U1RXInterrupt):<code 336> (__DefaultInterrupt)
                  0x00012c          0x4 LONG 0x8d04 DEFINED (__AltU1TXInterrupt)?<code 336> (__AltU1TXInterrupt):DEFINED (__U1TXInterrupt)?<code 336> (__U1TXInterrupt):<code 336> (__DefaultInterrupt)
                  0x00012e          0x4 LONG 0x8d04 DEFINED (__AltADC1Interrupt)?<code 336> (__AltADC1Interrupt):DEFINED (__ADC1Interrupt)?<code 336> (__ADC1Interrupt):<code 336> (__DefaultInterrupt)
                  0x000130          0x4 LONG 0x8d04 DEFINED (__AltInterrupt14)?<code 336> (__AltInterrupt14):DEFINED (__Interrupt14)?<code 336> (__Interrupt14):<code 336> (__DefaultInterrupt)
                  0x000132          0x4 LONG 0x8d04 DEFINED (__AltInterrupt15)?<code 336> (__AltInterrupt15):DEFINED (__Interrupt15)?<code 336> (__Interrupt15):<code 336> (__DefaultInterrupt)
                  0x000134          0x4 LONG 0x8d04 DEFINED (__AltSI2C1Interrupt)?<code 336> (__AltSI2C1Interrupt):DEFINED (__SI2C1Interrupt)?<code 336> (__SI2C1Interrupt):<code 336> (__DefaultInterrupt)
                  0x000136          0x4 LONG 0x8d04 DEFINED (__AltMI2C1Interrupt)?<code 336> (__AltMI2C1Interrupt):DEFINED (__MI2C1Interrupt)?<code 336> (__MI2C1Interrupt):<code 336> (__DefaultInterrupt)
                  0x000138          0x4 LONG 0x8d04 DEFINED (__AltCompInterrupt)?<code 336> (__AltCompInterrupt):DEFINED (__CompInterrupt)?<code 336> (__CompInterrupt):<code 336> (__DefaultInterrupt)
                  0x00013a          0x4 LONG 0x8d04 DEFINED (__AltCNInterrupt)?<code 336> (__AltCNInterrupt):DEFINED (__CNInterrupt)?<code 336> (__CNInterrupt):<code 336> (__DefaultInterrupt)
                  0x00013c          0x4 LONG 0x8d04 DEFINED (__AltINT1Interrupt)?<code 336> (__AltINT1Interrupt):DEFINED (__INT1Interrupt)?<code 336> (__INT1Interrupt):<code 336> (__DefaultInterrupt)
                  0x00013e          0x4 LONG 0x8d04 DEFINED (__AltInterrupt21)?<code 336> (__AltInterrupt21):DEFINED (__Interrupt21)?<code 336> (__Interrupt21):<code 336> (__DefaultInterrupt)
                  0x000140          0x4 LONG 0x8d04 DEFINED (__AltIC7Interrupt)?<code 336> (__AltIC7Interrupt):DEFINED (__IC7Interrupt)?<code 336> (__IC7Interrupt):<code 336> (__DefaultInterrupt)
                  0x000142          0x4 LONG 0x8d04 DEFINED (__AltIC8Interrupt)?<code 336> (__AltIC8Interrupt):DEFINED (__IC8Interrupt)?<code 336> (__IC8Interrupt):<code 336> (__DefaultInterrupt)
                  0x000144          0x4 LONG 0x8d04 DEFINED (__AltInterrupt24)?<code 336> (__AltInterrupt24):DEFINED (__Interrupt24)?<code 336> (__Interrupt24):<code 336> (__DefaultInterrupt)
                  0x000146          0x4 LONG 0x8d04 DEFINED (__AltOC3Interrupt)?<code 336> (__AltOC3Interrupt):DEFINED (__OC3Interrupt)?<code 336> (__OC3Interrupt):<code 336> (__DefaultInterrupt)
                  0x000148          0x4 LONG 0x8d04 DEFINED (__AltOC4Interrupt)?<code 336> (__AltOC4Interrupt):DEFINED (__OC4Interrupt)?<code 336> (__OC4Interrupt):<code 336> (__DefaultInterrupt)
                  0x00014a          0x4 LONG 0x8cd4 DEFINED (__AltT4Interrupt)?<code 336> (__AltT4Interrupt):DEFINED (__T4Interrupt)?<code 336> (__T4Interrupt):<code 336> (__DefaultInterrupt)
                  0x00014c          0x4 LONG 0x8d04 DEFINED (__AltT5Interrupt)?<code 336> (__AltT5Interrupt):DEFINED (__T5Interrupt)?<code 336> (__T5Interrupt):<code 336> (__DefaultInterrupt)
                  0x00014e          0x4 LONG 0x8d04 DEFINED (__AltINT2Interrupt)?<code 336> (__AltINT2Interrupt):DEFINED (__INT2Interrupt)?<code 336> (__INT2Interrupt):<code 336> (__DefaultInterrupt)
                  0x000150          0x4 LONG 0x8d04 DEFINED (__AltU2RXInterrupt)?<code 336> (__AltU2RXInterrupt):DEFINED (__U2RXInterrupt)?<code 336> (__U2RXInterrupt):<code 336> (__DefaultInterrupt)
                  0x000152          0x4 LONG 0x8d04 DEFINED (__AltU2TXInterrupt)?<code 336> (__AltU2TXInterrupt):DEFINED (__U2TXInterrupt)?<code 336> (__U2TXInterrupt):<code 336> (__DefaultInterrupt)
                  0x000154          0x4 LONG 0x8d04 DEFINED (__AltSPI2ErrInterrupt)?<code 336> (__AltSPI2ErrInterrupt):DEFINED (__SPI2ErrInterrupt)?<code 336> (__SPI2ErrInterrupt):<code 336> (__DefaultInterrupt)
                  0x000156          0x4 LONG 0x8d04 DEFINED (__AltSPI2Interrupt)?<code 336> (__AltSPI2Interrupt):DEFINED (__SPI2Interrupt)?<code 336> (__SPI2Interrupt):<code 336> (__DefaultInterrupt)
                  0x000158          0x4 LONG 0x8d04 DEFINED (__AltInterrupt34)?<code 336> (__AltInterrupt34):DEFINED (__Interrupt34)?<code 336> (__Interrupt34):<code 336> (__DefaultInterrupt)
                  0x00015a          0x4 LONG 0x8d04 DEFINED (__AltInterrupt35)?<code 336> (__AltInterrupt35):DEFINED (__Interrupt35)?<code 336> (__Interrupt35):<code 336> (__DefaultInterrupt)
                  0x00015c          0x4 LONG 0x8d04 DEFINED (__AltInterrupt36)?<code 336> (__AltInterrupt36):DEFINED (__Interrupt36)?<code 336> (__Interrupt36):<code 336> (__DefaultInterrupt)
                  0x00015e          0x4 LONG 0x8d04 DEFINED (__AltIC3Interrupt)?<code 336> (__AltIC3Interrupt):DEFINED (__IC3Interrupt)?<code 336> (__IC3Interrupt):<code 336> (__DefaultInterrupt)
                  0x000160          0x4 LONG 0x8d04 DEFINED (__AltIC4Interrupt)?<code 336> (__AltIC4Interrupt):DEFINED (__IC4Interrupt)?<code 336> (__IC4Interrupt):<code 336> (__DefaultInterrupt)
                  0x000162          0x4 LONG 0x8d04 DEFINED (__AltIC5Interrupt)?<code 336> (__AltIC5Interrupt):DEFINED (__IC5Interrupt)?<code 336> (__IC5Interrupt):<code 336> (__DefaultInterrupt)
                  0x000164          0x4 LONG 0x8d04 DEFINED (__AltIC6Interrupt)?<code 336> (__AltIC6Interrupt):DEFINED (__IC6Interrupt)?<code 336> (__IC6Interrupt):<code 336> (__DefaultInterrupt)
                  0x000166          0x4 LONG 0x8d04 DEFINED (__AltOC5Interrupt)?<code 336> (__AltOC5Interrupt):DEFINED (__OC5Interrupt)?<code 336> (__OC5Interrupt):<code 336> (__DefaultInterrupt)
                  0x000168          0x4 LONG 0x8d04 DEFINED (__AltOC6Interrupt)?<code 336> (__AltOC6Interrupt):DEFINED (__OC6Interrupt)?<code 336> (__OC6Interrupt):<code 336> (__DefaultInterrupt)
                  0x00016a          0x4 LONG 0x8d04 DEFINED (__AltOC7Interrupt)?<code 336> (__AltOC7Interrupt):DEFINED (__OC7Interrupt)?<code 336> (__OC7Interrupt):<code 336> (__DefaultInterrupt)
                  0x00016c          0x4 LONG 0x8d04 DEFINED (__AltOC8Interrupt)?<code 336> (__AltOC8Interrupt):DEFINED (__OC8Interrupt)?<code 336> (__OC8Interrupt):<code 336> (__DefaultInterrupt)
                  0x00016e          0x4 LONG 0x8d04 DEFINED (__AltPMPInterrupt)?<code 336> (__AltPMPInterrupt):DEFINED (__PMPInterrupt)?<code 336> (__PMPInterrupt):<code 336> (__DefaultInterrupt)
                  0x000170          0x4 LONG 0x8d04 DEFINED (__AltInterrupt46)?<code 336> (__AltInterrupt46):DEFINED (__Interrupt46)?<code 336> (__Interrupt46):<code 336> (__DefaultInterrupt)
                  0x000172          0x4 LONG 0x8d04 DEFINED (__AltInterrupt47)?<code 336> (__AltInterrupt47):DEFINED (__Interrupt47)?<code 336> (__Interrupt47):<code 336> (__DefaultInterrupt)
                  0x000174          0x4 LONG 0x8d04 DEFINED (__AltInterrupt48)?<code 336> (__AltInterrupt48):DEFINED (__Interrupt48)?<code 336> (__Interrupt48):<code 336> (__DefaultInterrupt)
                  0x000176          0x4 LONG 0x8d04 DEFINED (__AltSI2C2Interrupt)?<code 336> (__AltSI2C2Interrupt):DEFINED (__SI2C2Interrupt)?<code 336> (__SI2C2Interrupt):<code 336> (__DefaultInterrupt)
                  0x000178          0x4 LONG 0x8d04 DEFINED (__AltMI2C2Interrupt)?<code 336> (__AltMI2C2Interrupt):DEFINED (__MI2C2Interrupt)?<code 336> (__MI2C2Interrupt):<code 336> (__DefaultInterrupt)
                  0x00017a          0x4 LONG 0x8d04 DEFINED (__AltInterrupt51)?<code 336> (__AltInterrupt51):DEFINED (__Interrupt51)?<code 336> (__Interrupt51):<code 336> (__DefaultInterrupt)
                  0x00017c          0x4 LONG 0x8d04 DEFINED (__AltInterrupt52)?<code 336> (__AltInterrupt52):DEFINED (__Interrupt52)?<code 336> (__Interrupt52):<code 336> (__DefaultInterrupt)
                  0x00017e          0x4 LONG 0x8d04 DEFINED (__AltINT3Interrupt)?<code 336> (__AltINT3Interrupt):DEFINED (__INT3Interrupt)?<code 336> (__INT3Interrupt):<code 336> (__DefaultInterrupt)
                  0x000180          0x4 LONG 0x8d04 DEFINED (__AltINT4Interrupt)?<code 336> (__AltINT4Interrupt):DEFINED (__INT4Interrupt)?<code 336> (__INT4Interrupt):<code 336> (__DefaultInterrupt)
                  0x000182          0x4 LONG 0x8d04 DEFINED (__AltInterrupt55)?<code 336> (__AltInterrupt55):DEFINED (__Interrupt55)?<code 336> (__Interrupt55):<code 336> (__DefaultInterrupt)
                  0x000184          0x4 LONG 0x8d04 DEFINED (__AltInterrupt56)?<code 336> (__AltInterrupt56):DEFINED (__Interrupt56)?<code 336> (__Interrupt56):<code 336> (__DefaultInterrupt)
                  0x000186          0x4 LONG 0x8d04 DEFINED (__AltInterrupt57)?<code 336> (__AltInterrupt57):DEFINED (__Interrupt57)?<code 336> (__Interrupt57):<code 336> (__DefaultInterrupt)
                  0x000188          0x4 LONG 0x8d04 DEFINED (__AltInterrupt58)?<code 336> (__AltInterrupt58):DEFINED (__Interrupt58)?<code 336> (__Interrupt58):<code 336> (__DefaultInterrupt)
                  0x00018a          0x4 LONG 0x8d04 DEFINED (__AltInterrupt59)?<code 336> (__AltInterrupt59):DEFINED (__Interrupt59)?<code 336> (__Interrupt59):<code 336> (__DefaultInterrupt)
                  0x00018c          0x4 LONG 0x8d04 DEFINED (__AltInterrupt60)?<code 336> (__AltInterrupt60):DEFINED (__Interrupt60)?<code 336> (__Interrupt60):<code 336> (__DefaultInterrupt)
                  0x00018e          0x4 LONG 0x8d04 DEFINED (__AltInterrupt61)?<code 336> (__AltInterrupt61):DEFINED (__Interrupt61)?<code 336> (__Interrupt61):<code 336> (__DefaultInterrupt)
                  0x000190          0x4 LONG 0x8d04 DEFINED (__AltRTCCInterrupt)?<code 336> (__AltRTCCInterrupt):DEFINED (__RTCCInterrupt)?<code 336> (__RTCCInterrupt):<code 336> (__DefaultInterrupt)
                  0x000192          0x4 LONG 0x8d04 DEFINED (__AltInterrupt63)?<code 336> (__AltInterrupt63):DEFINED (__Interrupt63)?<code 336> (__Interrupt63):<code 336> (__DefaultInterrupt)
                  0x000194          0x4 LONG 0x8d04 DEFINED (__AltInterrupt64)?<code 336> (__AltInterrupt64):DEFINED (__Interrupt64)?<code 336> (__Interrupt64):<code 336> (__DefaultInterrupt)
                  0x000196          0x4 LONG 0x8d04 DEFINED (__AltU1ErrInterrupt)?<code 336> (__AltU1ErrInterrupt):DEFINED (__U1ErrInterrupt)?<code 336> (__U1ErrInterrupt):<code 336> (__DefaultInterrupt)
                  0x000198          0x4 LONG 0x8d04 DEFINED (__AltU2ErrInterrupt)?<code 336> (__AltU2ErrInterrupt):DEFINED (__U2ErrInterrupt)?<code 336> (__U2ErrInterrupt):<code 336> (__DefaultInterrupt)
                  0x00019a          0x4 LONG 0x8d04 DEFINED (__AltCRCInterrupt)?<code 336> (__AltCRCInterrupt):DEFINED (__CRCInterrupt)?<code 336> (__CRCInterrupt):<code 336> (__DefaultInterrupt)
                  0x00019c          0x4 LONG 0x8d04 DEFINED (__AltInterrupt68)?<code 336> (__AltInterrupt68):DEFINED (__Interrupt68)?<code 336> (__Interrupt68):<code 336> (__DefaultInterrupt)
                  0x00019e          0x4 LONG 0x8d04 DEFINED (__AltInterrupt69)?<code 336> (__AltInterrupt69):DEFINED (__Interrupt69)?<code 336> (__Interrupt69):<code 336> (__DefaultInterrupt)
                  0x0001a0          0x4 LONG 0x8d04 DEFINED (__AltInterrupt70)?<code 336> (__AltInterrupt70):DEFINED (__Interrupt70)?<code 336> (__Interrupt70):<code 336> (__DefaultInterrupt)
                  0x0001a2          0x4 LONG 0x8d04 DEFINED (__AltInterrupt71)?<code 336> (__AltInterrupt71):DEFINED (__Interrupt71)?<code 336> (__Interrupt71):<code 336> (__DefaultInterrupt)
                  0x0001a4          0x4 LONG 0x8d04 DEFINED (__AltLVDInterrupt)?<code 336> (__AltLVDInterrupt):DEFINED (__LVDInterrupt)?<code 336> (__LVDInterrupt):<code 336> (__DefaultInterrupt)
                  0x0001a6          0x4 LONG 0x8d04 DEFINED (__AltInterrupt73)?<code 336> (__AltInterrupt73):DEFINED (__Interrupt73)?<code 336> (__Interrupt73):<code 336> (__DefaultInterrupt)
                  0x0001a8          0x4 LONG 0x8d04 DEFINED (__AltInterrupt74)?<code 336> (__AltInterrupt74):DEFINED (__Interrupt74)?<code 336> (__Interrupt74):<code 336> (__DefaultInterrupt)
                  0x0001aa          0x4 LONG 0x8d04 DEFINED (__AltInterrupt75)?<code 336> (__AltInterrupt75):DEFINED (__Interrupt75)?<code 336> (__Interrupt75):<code 336> (__DefaultInterrupt)
                  0x0001ac          0x4 LONG 0x8d04 DEFINED (__AltInterrupt76)?<code 336> (__AltInterrupt76):DEFINED (__Interrupt76)?<code 336> (__Interrupt76):<code 336> (__DefaultInterrupt)
                  0x0001ae          0x4 LONG 0x8d04 DEFINED (__AltCTMUInterrupt)?<code 336> (__AltCTMUInterrupt):DEFINED (__CTMUInterrupt)?<code 336> (__CTMUInterrupt):<code 336> (__DefaultInterrupt)
                  0x0001b0          0x4 LONG 0x8d04 DEFINED (__AltInterrupt78)?<code 336> (__AltInterrupt78):DEFINED (__Interrupt78)?<code 336> (__Interrupt78):<code 336> (__DefaultInterrupt)
                  0x0001b2          0x4 LONG 0x8d04 DEFINED (__AltInterrupt79)?<code 336> (__AltInterrupt79):DEFINED (__Interrupt79)?<code 336> (__Interrupt79):<code 336> (__DefaultInterrupt)
                  0x0001b4          0x4 LONG 0x8d04 DEFINED (__AltInterrupt80)?<code 336> (__AltInterrupt80):DEFINED (__Interrupt80)?<code 336> (__Interrupt80):<code 336> (__DefaultInterrupt)
                  0x0001b6          0x4 LONG 0x8d04 DEFINED (__AltU3ErrInterrupt)?<code 336> (__AltU3ErrInterrupt):DEFINED (__U3ErrInterrupt)?<code 336> (__U3ErrInterrupt):<code 336> (__DefaultInterrupt)
                  0x0001b8          0x4 LONG 0x8d04 DEFINED (__AltU3RXInterrupt)?<code 336> (__AltU3RXInterrupt):DEFINED (__U3RXInterrupt)?<code 336> (__U3RXInterrupt):<code 336> (__DefaultInterrupt)
                  0x0001ba          0x4 LONG 0x8d04 DEFINED (__AltU3TXInterrupt)?<code 336> (__AltU3TXInterrupt):DEFINED (__U3TXInterrupt)?<code 336> (__U3TXInterrupt):<code 336> (__DefaultInterrupt)
                  0x0001bc          0x4 LONG 0x8d04 DEFINED (__AltSI2C3Interrupt)?<code 336> (__AltSI2C3Interrupt):DEFINED (__SI2C3Interrupt)?<code 336> (__SI2C3Interrupt):<code 336> (__DefaultInterrupt)
                  0x0001be          0x4 LONG 0x8d04 DEFINED (__AltMI2C3Interrupt)?<code 336> (__AltMI2C3Interrupt):DEFINED (__MI2C3Interrupt)?<code 336> (__MI2C3Interrupt):<code 336> (__DefaultInterrupt)
                  0x0001c0          0x4 LONG 0x3660 DEFINED (__AltUSB1Interrupt)?<code 336> (__AltUSB1Interrupt):DEFINED (__USB1Interrupt)?<code 336> (__USB1Interrupt):<code 336> (__DefaultInterrupt)
                  0x0001c2          0x4 LONG 0x8d04 DEFINED (__AltU4ErrInterrupt)?<code 336> (__AltU4ErrInterrupt):DEFINED (__U4ErrInterrupt)?<code 336> (__U4ErrInterrupt):<code 336> (__DefaultInterrupt)
                  0x0001c4          0x4 LONG 0x8d04 DEFINED (__AltU4RXInterrupt)?<code 336> (__AltU4RXInterrupt):DEFINED (__U4RXInterrupt)?<code 336> (__U4RXInterrupt):<code 336> (__DefaultInterrupt)
                  0x0001c6          0x4 LONG 0x8d04 DEFINED (__AltU4TXInterrupt)?<code 336> (__AltU4TXInterrupt):DEFINED (__U4TXInterrupt)?<code 336> (__U4TXInterrupt):<code 336> (__DefaultInterrupt)
                  0x0001c8          0x4 LONG 0x8d04 DEFINED (__AltSPI3ErrInterrupt)?<code 336> (__AltSPI3ErrInterrupt):DEFINED (__SPI3ErrInterrupt)?<code 336> (__SPI3ErrInterrupt):<code 336> (__DefaultInterrupt)
                  0x0001ca          0x4 LONG 0x8d04 DEFINED (__AltSPI3Interrupt)?<code 336> (__AltSPI3Interrupt):DEFINED (__SPI3Interrupt)?<code 336> (__SPI3Interrupt):<code 336> (__DefaultInterrupt)
                  0x0001cc          0x4 LONG 0x8d04 DEFINED (__AltOC9Interrupt)?<code 336> (__AltOC9Interrupt):DEFINED (__OC9Interrupt)?<code 336> (__OC9Interrupt):<code 336> (__DefaultInterrupt)
                  0x0001ce          0x4 LONG 0x8d04 DEFINED (__AltIC9Interrupt)?<code 336> (__AltIC9Interrupt):DEFINED (__IC9Interrupt)?<code 336> (__IC9Interrupt):<code 336> (__DefaultInterrupt)
                  0x0001d0          0x4 LONG 0x8d04 DEFINED (__AltInterrupt94)?<code 336> (__AltInterrupt94):DEFINED (__Interrupt94)?<code 336> (__Interrupt94):<code 336> (__DefaultInterrupt)
                  0x0001d2          0x4 LONG 0x8d04 DEFINED (__AltInterrupt95)?<code 336> (__AltInterrupt95):DEFINED (__Interrupt95)?<code 336> (__Interrupt95):<code 336> (__DefaultInterrupt)
                  0x0001d4          0x4 LONG 0x8d04 DEFINED (__AltInterrupt96)?<code 336> (__AltInterrupt96):DEFINED (__Interrupt96)?<code 336> (__Interrupt96):<code 336> (__DefaultInterrupt)
                  0x0001d6          0x4 LONG 0x8d04 DEFINED (__AltInterrupt97)?<code 336> (__AltInterrupt97):DEFINED (__Interrupt97)?<code 336> (__Interrupt97):<code 336> (__DefaultInterrupt)
                  0x0001d8          0x4 LONG 0x8d04 DEFINED (__AltInterrupt98)?<code 336> (__AltInterrupt98):DEFINED (__Interrupt98)?<code 336> (__Interrupt98):<code 336> (__DefaultInterrupt)
                  0x0001da          0x4 LONG 0x8d04 DEFINED (__AltInterrupt99)?<code 336> (__AltInterrupt99):DEFINED (__Interrupt99)?<code 336> (__Interrupt99):<code 336> (__DefaultInterrupt)
                  0x0001dc          0x4 LONG 0x8d04 DEFINED (__AltInterrupt100)?<code 336> (__AltInterrupt100):DEFINED (__Interrupt100)?<code 336> (__Interrupt100):<code 336> (__DefaultInterrupt)
                  0x0001de          0x4 LONG 0x8d04 DEFINED (__AltInterrupt101)?<code 336> (__AltInterrupt101):DEFINED (__Interrupt101)?<code 336> (__Interrupt101):<code 336> (__DefaultInterrupt)
                  0x0001e0          0x4 LONG 0x8d04 DEFINED (__AltInterrupt102)?<code 336> (__AltInterrupt102):DEFINED (__Interrupt102)?<code 336> (__Interrupt102):<code 336> (__DefaultInterrupt)
                  0x0001e2          0x4 LONG 0x8d04 DEFINED (__AltInterrupt103)?<code 336> (__AltInterrupt103):DEFINED (__Interrupt103)?<code 336> (__Interrupt103):<code 336> (__DefaultInterrupt)
                  0x0001e4          0x4 LONG 0x8d04 DEFINED (__AltInterrupt104)?<code 336> (__AltInterrupt104):DEFINED (__Interrupt104)?<code 336> (__Interrupt104):<code 336> (__DefaultInterrupt)
                  0x0001e6          0x4 LONG 0x8d04 DEFINED (__AltInterrupt105)?<code 336> (__AltInterrupt105):DEFINED (__Interrupt105)?<code 336> (__Interrupt105):<code 336> (__DefaultInterrupt)
                  0x0001e8          0x4 LONG 0x8d04 DEFINED (__AltInterrupt106)?<code 336> (__AltInterrupt106):DEFINED (__Interrupt106)?<code 336> (__Interrupt106):<code 336> (__DefaultInterrupt)
                  0x0001ea          0x4 LONG 0x8d04 DEFINED (__AltInterrupt107)?<code 336> (__AltInterrupt107):DEFINED (__Interrupt107)?<code 336> (__Interrupt107):<code 336> (__DefaultInterrupt)
                  0x0001ec          0x4 LONG 0x8d04 DEFINED (__AltInterrupt108)?<code 336> (__AltInterrupt108):DEFINED (__Interrupt108)?<code 336> (__Interrupt108):<code 336> (__DefaultInterrupt)
                  0x0001ee          0x4 LONG 0x8d04 DEFINED (__AltInterrupt109)?<code 336> (__AltInterrupt109):DEFINED (__Interrupt109)?<code 336> (__Interrupt109):<code 336> (__DefaultInterrupt)
                  0x0001f0          0x4 LONG 0x8d04 DEFINED (__AltInterrupt110)?<code 336> (__AltInterrupt110):DEFINED (__Interrupt110)?<code 336> (__Interrupt110):<code 336> (__DefaultInterrupt)
                  0x0001f2          0x4 LONG 0x8d04 DEFINED (__AltInterrupt111)?<code 336> (__AltInterrupt111):DEFINED (__Interrupt111)?<code 336> (__Interrupt111):<code 336> (__DefaultInterrupt)
                  0x0001f4          0x4 LONG 0x8d04 DEFINED (__AltInterrupt112)?<code 336> (__AltInterrupt112):DEFINED (__Interrupt112)?<code 336> (__Interrupt112):<code 336> (__DefaultInterrupt)
                  0x0001f6          0x4 LONG 0x8d04 DEFINED (__AltInterrupt113)?<code 336> (__AltInterrupt113):DEFINED (__Interrupt113)?<code 336> (__Interrupt113):<code 336> (__DefaultInterrupt)
                  0x0001f8          0x4 LONG 0x8d04 DEFINED (__AltInterrupt114)?<code 336> (__AltInterrupt114):DEFINED (__Interrupt114)?<code 336> (__Interrupt114):<code 336> (__DefaultInterrupt)
                  0x0001fa          0x4 LONG 0x8d04 DEFINED (__AltInterrupt115)?<code 336> (__AltInterrupt115):DEFINED (__Interrupt115)?<code 336> (__Interrupt115):<code 336> (__DefaultInterrupt)
                  0x0001fc          0x4 LONG 0x8d04 DEFINED (__AltInterrupt116)?<code 336> (__AltInterrupt116):DEFINED (__Interrupt116)?<code 336> (__Interrupt116):<code 336> (__DefaultInterrupt)
                  0x0001fe          0x4 LONG 0x8d04 DEFINED (__AltInterrupt117)?<code 336> (__AltInterrupt117):DEFINED (__Interrupt117)?<code 336> (__Interrupt117):<code 336> (__DefaultInterrupt)
                    0x0000                  WREG0 = 0x0
                    0x0000                  _WREG0 = 0x0
                    0x0002                  WREG1 = 0x2
                    0x0002                  _WREG1 = 0x2
                    0x0004                  WREG2 = 0x4
                    0x0004                  _WREG2 = 0x4
                    0x0006                  WREG3 = 0x6
                    0x0006                  _WREG3 = 0x6
                    0x0008                  WREG4 = 0x8
                    0x0008                  _WREG4 = 0x8
                    0x000a                  WREG5 = 0xa
                    0x000a                  _WREG5 = 0xa
                    0x000c                  WREG6 = 0xc
                    0x000c                  _WREG6 = 0xc
                    0x000e                  WREG7 = 0xe
                    0x000e                  _WREG7 = 0xe
                    0x0010                  WREG8 = 0x10
                    0x0010                  _WREG8 = 0x10
                    0x0012                  WREG9 = 0x12
                    0x0012                  _WREG9 = 0x12
                    0x0014                  WREG10 = 0x14
                    0x0014                  _WREG10 = 0x14
                    0x0016                  WREG11 = 0x16
                    0x0016                  _WREG11 = 0x16
                    0x0018                  WREG12 = 0x18
                    0x0018                  _WREG12 = 0x18
                    0x001a                  WREG13 = 0x1a
                    0x001a                  _WREG13 = 0x1a
                    0x001c                  WREG14 = 0x1c
                    0x001c                  _WREG14 = 0x1c
                    0x001e                  WREG15 = 0x1e
                    0x001e                  _WREG15 = 0x1e
                    0x0020                  SPLIM = 0x20
                    0x0020                  _SPLIM = 0x20
                    0x002e                  PCL = 0x2e
                    0x002e                  _PCL = 0x2e
                    0x0030                  PCH = 0x30
                    0x0030                  _PCH = 0x30
                    0x0032                  TBLPAG = 0x32
                    0x0032                  _TBLPAG = 0x32
                    0x0034                  PSVPAG = 0x34
                    0x0034                  _PSVPAG = 0x34
                    0x0036                  RCOUNT = 0x36
                    0x0036                  _RCOUNT = 0x36
                    0x0042                  SR = 0x42
                    0x0042                  _SR = 0x42
                    0x0042                  _SRbits = 0x42
                    0x0044                  CORCON = 0x44
                    0x0044                  _CORCON = 0x44
                    0x0044                  _CORCONbits = 0x44
                    0x0052                  DISICNT = 0x52
                    0x0052                  _DISICNT = 0x52
                    0x0054                  CNPD1 = 0x54
                    0x0054                  _CNPD1 = 0x54
                    0x0054                  _CNPD1bits = 0x54
                    0x0056                  CNPD2 = 0x56
                    0x0056                  _CNPD2 = 0x56
                    0x0056                  _CNPD2bits = 0x56
                    0x0058                  CNPD3 = 0x58
                    0x0058                  _CNPD3 = 0x58
                    0x0058                  _CNPD3bits = 0x58
                    0x005a                  CNPD4 = 0x5a
                    0x005a                  _CNPD4 = 0x5a
                    0x005a                  _CNPD4bits = 0x5a
                    0x005c                  CNPD5 = 0x5c
                    0x005c                  _CNPD5 = 0x5c
                    0x005c                  _CNPD5bits = 0x5c
                    0x0060                  CNEN1 = 0x60
                    0x0060                  _CNEN1 = 0x60
                    0x0060                  _CNEN1bits = 0x60
                    0x0062                  CNEN2 = 0x62
                    0x0062                  _CNEN2 = 0x62
                    0x0062                  _CNEN2bits = 0x62
                    0x0064                  CNEN3 = 0x64
                    0x0064                  _CNEN3 = 0x64
                    0x0064                  _CNEN3bits = 0x64
                    0x0066                  CNEN4 = 0x66
                    0x0066                  _CNEN4 = 0x66
                    0x0066                  _CNEN4bits = 0x66
                    0x0068                  CNEN5 = 0x68
                    0x0068                  _CNEN5 = 0x68
                    0x0068                  _CNEN5bits = 0x68
                    0x006a                  CNEN6 = 0x6a
                    0x006a                  _CNEN6 = 0x6a
                    0x006c                  CNPU1 = 0x6c
                    0x006c                  _CNPU1 = 0x6c
                    0x006c                  _CNPU1bits = 0x6c
                    0x006e                  CNPU2 = 0x6e
                    0x006e                  _CNPU2 = 0x6e
                    0x006e                  _CNPU2bits = 0x6e
                    0x0070                  CNPU3 = 0x70
                    0x0070                  _CNPU3 = 0x70
                    0x0070                  _CNPU3bits = 0x70
                    0x0072                  CNPU4 = 0x72
                    0x0072                  _CNPU4 = 0x72
                    0x0072                  _CNPU4bits = 0x72
                    0x0074                  CNPU5 = 0x74
                    0x0074                  _CNPU5 = 0x74
                    0x0074                  _CNPU5bits = 0x74
                    0x0076                  CNPU6 = 0x76
                    0x0076                  _CNPU6 = 0x76
                    0x0080                  INTCON1 = 0x80
                    0x0080                  _INTCON1 = 0x80
                    0x0080                  _INTCON1bits = 0x80
                    0x0082                  INTCON2 = 0x82
                    0x0082                  _INTCON2 = 0x82
                    0x0082                  _INTCON2bits = 0x82
                    0x0084                  IFS0 = 0x84
                    0x0084                  _IFS0 = 0x84
                    0x0084                  _IFS0bits = 0x84
                    0x0086                  IFS1 = 0x86
                    0x0086                  _IFS1 = 0x86
                    0x0086                  _IFS1bits = 0x86
                    0x0088                  IFS2 = 0x88
                    0x0088                  _IFS2 = 0x88
                    0x0088                  _IFS2bits = 0x88
                    0x008a                  IFS3 = 0x8a
                    0x008a                  _IFS3 = 0x8a
                    0x008a                  _IFS3bits = 0x8a
                    0x008c                  IFS4 = 0x8c
                    0x008c                  _IFS4 = 0x8c
                    0x008c                  _IFS4bits = 0x8c
                    0x008e                  IFS5 = 0x8e
                    0x008e                  _IFS5 = 0x8e
                    0x008e                  _IFS5bits = 0x8e
                    0x0094                  IEC0 = 0x94
                    0x0094                  _IEC0 = 0x94
                    0x0094                  _IEC0bits = 0x94
                    0x0096                  IEC1 = 0x96
                    0x0096                  _IEC1 = 0x96
                    0x0096                  _IEC1bits = 0x96
                    0x0098                  IEC2 = 0x98
                    0x0098                  _IEC2 = 0x98
                    0x0098                  _IEC2bits = 0x98
                    0x009a                  IEC3 = 0x9a
                    0x009a                  _IEC3 = 0x9a
                    0x009a                  _IEC3bits = 0x9a
                    0x009c                  IEC4 = 0x9c
                    0x009c                  _IEC4 = 0x9c
                    0x009c                  _IEC4bits = 0x9c
                    0x009e                  IEC5 = 0x9e
                    0x009e                  _IEC5 = 0x9e
                    0x009e                  _IEC5bits = 0x9e
                    0x00a4                  IPC0 = 0xa4
                    0x00a4                  _IPC0 = 0xa4
                    0x00a4                  _IPC0bits = 0xa4
                    0x00a6                  IPC1 = 0xa6
                    0x00a6                  _IPC1 = 0xa6
                    0x00a6                  _IPC1bits = 0xa6
                    0x00a8                  IPC2 = 0xa8
                    0x00a8                  _IPC2 = 0xa8
                    0x00a8                  _IPC2bits = 0xa8
                    0x00aa                  IPC3 = 0xaa
                    0x00aa                  _IPC3 = 0xaa
                    0x00aa                  _IPC3bits = 0xaa
                    0x00ac                  IPC4 = 0xac
                    0x00ac                  _IPC4 = 0xac
                    0x00ac                  _IPC4bits = 0xac
                    0x00ae                  IPC5 = 0xae
                    0x00ae                  _IPC5 = 0xae
                    0x00ae                  _IPC5bits = 0xae
                    0x00b0                  IPC6 = 0xb0
                    0x00b0                  _IPC6 = 0xb0
                    0x00b0                  _IPC6bits = 0xb0
                    0x00b2                  IPC7 = 0xb2
                    0x00b2                  _IPC7 = 0xb2
                    0x00b2                  _IPC7bits = 0xb2
                    0x00b4                  IPC8 = 0xb4
                    0x00b4                  _IPC8 = 0xb4
                    0x00b4                  _IPC8bits = 0xb4
                    0x00b6                  IPC9 = 0xb6
                    0x00b6                  _IPC9 = 0xb6
                    0x00b6                  _IPC9bits = 0xb6
                    0x00b8                  IPC10 = 0xb8
                    0x00b8                  _IPC10 = 0xb8
                    0x00b8                  _IPC10bits = 0xb8
                    0x00ba                  IPC11 = 0xba
                    0x00ba                  _IPC11 = 0xba
                    0x00ba                  _IPC11bits = 0xba
                    0x00bc                  IPC12 = 0xbc
                    0x00bc                  _IPC12 = 0xbc
                    0x00bc                  _IPC12bits = 0xbc
                    0x00be                  IPC13 = 0xbe
                    0x00be                  _IPC13 = 0xbe
                    0x00be                  _IPC13bits = 0xbe
                    0x00c2                  IPC15 = 0xc2
                    0x00c2                  _IPC15 = 0xc2
                    0x00c2                  _IPC15bits = 0xc2
                    0x00c4                  IPC16 = 0xc4
                    0x00c4                  _IPC16 = 0xc4
                    0x00c4                  _IPC16bits = 0xc4
                    0x00c8                  IPC18 = 0xc8
                    0x00c8                  _IPC18 = 0xc8
                    0x00c8                  _IPC18bits = 0xc8
                    0x00ca                  IPC19 = 0xca
                    0x00ca                  _IPC19 = 0xca
                    0x00ca                  _IPC19bits = 0xca
                    0x00cc                  IPC20 = 0xcc
                    0x00cc                  _IPC20 = 0xcc
                    0x00cc                  _IPC20bits = 0xcc
                    0x00ce                  IPC21 = 0xce
                    0x00ce                  _IPC21 = 0xce
                    0x00ce                  _IPC21bits = 0xce
                    0x00d0                  IPC22 = 0xd0
                    0x00d0                  _IPC22 = 0xd0
                    0x00d0                  _IPC22bits = 0xd0
                    0x00d2                  IPC23 = 0xd2
                    0x00d2                  _IPC23 = 0xd2
                    0x00d2                  _IPC23bits = 0xd2
                    0x0100                  TMR1 = 0x100
                    0x0100                  _TMR1 = 0x100
                    0x0102                  PR1 = 0x102
                    0x0102                  _PR1 = 0x102
                    0x0104                  T1CON = 0x104
                    0x0104                  _T1CON = 0x104
                    0x0104                  _T1CONbits = 0x104
                    0x0106                  TMR2 = 0x106
                    0x0106                  _TMR2 = 0x106
                    0x0108                  TMR3HLD = 0x108
                    0x0108                  _TMR3HLD = 0x108
                    0x010a                  TMR3 = 0x10a
                    0x010a                  _TMR3 = 0x10a
                    0x010c                  PR2 = 0x10c
                    0x010c                  _PR2 = 0x10c
                    0x010e                  PR3 = 0x10e
                    0x010e                  _PR3 = 0x10e
                    0x0110                  T2CON = 0x110
                    0x0110                  _T2CON = 0x110
                    0x0110                  _T2CONbits = 0x110
                    0x0112                  T3CON = 0x112
                    0x0112                  _T3CON = 0x112
                    0x0112                  _T3CONbits = 0x112
                    0x0114                  TMR4 = 0x114
                    0x0114                  _TMR4 = 0x114
                    0x0116                  TMR5HLD = 0x116
                    0x0116                  _TMR5HLD = 0x116
                    0x0118                  TMR5 = 0x118
                    0x0118                  _TMR5 = 0x118
                    0x011a                  PR4 = 0x11a
                    0x011a                  _PR4 = 0x11a
                    0x011c                  PR5 = 0x11c
                    0x011c                  _PR5 = 0x11c
                    0x011e                  T4CON = 0x11e
                    0x011e                  _T4CON = 0x11e
                    0x011e                  _T4CONbits = 0x11e
                    0x0120                  T5CON = 0x120
                    0x0120                  _T5CON = 0x120
                    0x0120                  _T5CONbits = 0x120
                    0x0140                  IC1CON1 = 0x140
                    0x0140                  _IC1CON1 = 0x140
                    0x0140                  _IC1CON1bits = 0x140
                    0x0142                  IC1CON2 = 0x142
                    0x0142                  _IC1CON2 = 0x142
                    0x0142                  _IC1CON2bits = 0x142
                    0x0144                  IC1BUF = 0x144
                    0x0144                  _IC1BUF = 0x144
                    0x0146                  IC1TMR = 0x146
                    0x0146                  _IC1TMR = 0x146
                    0x0148                  IC2CON1 = 0x148
                    0x0148                  _IC2CON1 = 0x148
                    0x0148                  _IC2CON1bits = 0x148
                    0x014a                  IC2CON2 = 0x14a
                    0x014a                  _IC2CON2 = 0x14a
                    0x014a                  _IC2CON2bits = 0x14a
                    0x014c                  IC2BUF = 0x14c
                    0x014c                  _IC2BUF = 0x14c
                    0x014e                  IC2TMR = 0x14e
                    0x014e                  _IC2TMR = 0x14e
                    0x0150                  IC3CON1 = 0x150
                    0x0150                  _IC3CON1 = 0x150
                    0x0150                  _IC3CON1bits = 0x150
                    0x0152                  IC3CON2 = 0x152
                    0x0152                  _IC3CON2 = 0x152
                    0x0152                  _IC3CON2bits = 0x152
                    0x0154                  IC3BUF = 0x154
                    0x0154                  _IC3BUF = 0x154
                    0x0156                  IC3TMR = 0x156
                    0x0156                  _IC3TMR = 0x156
                    0x0158                  IC4CON1 = 0x158
                    0x0158                  _IC4CON1 = 0x158
                    0x0158                  _IC4CON1bits = 0x158
                    0x015a                  IC4CON2 = 0x15a
                    0x015a                  _IC4CON2 = 0x15a
                    0x015a                  _IC4CON2bits = 0x15a
                    0x015c                  IC4BUF = 0x15c
                    0x015c                  _IC4BUF = 0x15c
                    0x015e                  IC4TMR = 0x15e
                    0x015e                  _IC4TMR = 0x15e
                    0x0160                  IC5CON1 = 0x160
                    0x0160                  _IC5CON1 = 0x160
                    0x0160                  _IC5CON1bits = 0x160
                    0x0162                  IC5CON2 = 0x162
                    0x0162                  _IC5CON2 = 0x162
                    0x0162                  _IC5CON2bits = 0x162
                    0x0164                  IC5BUF = 0x164
                    0x0164                  _IC5BUF = 0x164
                    0x0166                  IC5TMR = 0x166
                    0x0166                  _IC5TMR = 0x166
                    0x0168                  IC6CON1 = 0x168
                    0x0168                  _IC6CON1 = 0x168
                    0x0168                  _IC6CON1bits = 0x168
                    0x016a                  IC6CON2 = 0x16a
                    0x016a                  _IC6CON2 = 0x16a
                    0x016a                  _IC6CON2bits = 0x16a
                    0x016c                  IC6BUF = 0x16c
                    0x016c                  _IC6BUF = 0x16c
                    0x016e                  IC6TMR = 0x16e
                    0x016e                  _IC6TMR = 0x16e
                    0x0170                  IC7CON1 = 0x170
                    0x0170                  _IC7CON1 = 0x170
                    0x0170                  _IC7CON1bits = 0x170
                    0x0172                  IC7CON2 = 0x172
                    0x0172                  _IC7CON2 = 0x172
                    0x0172                  _IC7CON2bits = 0x172
                    0x0174                  IC7BUF = 0x174
                    0x0174                  _IC7BUF = 0x174
                    0x0176                  IC7TMR = 0x176
                    0x0176                  _IC7TMR = 0x176
                    0x0178                  IC8CON1 = 0x178
                    0x0178                  _IC8CON1 = 0x178
                    0x0178                  _IC8CON1bits = 0x178
                    0x017a                  IC8CON2 = 0x17a
                    0x017a                  _IC8CON2 = 0x17a
                    0x017a                  _IC8CON2bits = 0x17a
                    0x017c                  IC8BUF = 0x17c
                    0x017c                  _IC8BUF = 0x17c
                    0x017e                  IC8TMR = 0x17e
                    0x017e                  _IC8TMR = 0x17e
                    0x0180                  IC9CON1 = 0x180
                    0x0180                  _IC9CON1 = 0x180
                    0x0180                  _IC9CON1bits = 0x180
                    0x0182                  IC9CON2 = 0x182
                    0x0182                  _IC9CON2 = 0x182
                    0x0182                  _IC9CON2bits = 0x182
                    0x0184                  IC9BUF = 0x184
                    0x0184                  _IC9BUF = 0x184
                    0x0186                  IC9TMR = 0x186
                    0x0186                  _IC9TMR = 0x186
                    0x0190                  OC1CON1 = 0x190
                    0x0190                  _OC1CON1 = 0x190
                    0x0190                  _OC1CON1bits = 0x190
                    0x0192                  OC1CON2 = 0x192
                    0x0192                  _OC1CON2 = 0x192
                    0x0192                  _OC1CON2bits = 0x192
                    0x0194                  OC1RS = 0x194
                    0x0194                  _OC1RS = 0x194
                    0x0196                  OC1R = 0x196
                    0x0196                  _OC1R = 0x196
                    0x0198                  OC1TMR = 0x198
                    0x0198                  _OC1TMR = 0x198
                    0x019a                  OC2CON1 = 0x19a
                    0x019a                  _OC2CON1 = 0x19a
                    0x019a                  _OC2CON1bits = 0x19a
                    0x019c                  OC2CON2 = 0x19c
                    0x019c                  _OC2CON2 = 0x19c
                    0x019c                  _OC2CON2bits = 0x19c
                    0x019e                  OC2RS = 0x19e
                    0x019e                  _OC2RS = 0x19e
                    0x01a0                  OC2R = 0x1a0
                    0x01a0                  _OC2R = 0x1a0
                    0x01a2                  OC2TMR = 0x1a2
                    0x01a2                  _OC2TMR = 0x1a2
                    0x01a4                  OC3CON1 = 0x1a4
                    0x01a4                  _OC3CON1 = 0x1a4
                    0x01a4                  _OC3CON1bits = 0x1a4
                    0x01a6                  OC3CON2 = 0x1a6
                    0x01a6                  _OC3CON2 = 0x1a6
                    0x01a6                  _OC3CON2bits = 0x1a6
                    0x01a8                  OC3RS = 0x1a8
                    0x01a8                  _OC3RS = 0x1a8
                    0x01aa                  OC3R = 0x1aa
                    0x01aa                  _OC3R = 0x1aa
                    0x01ac                  OC3TMR = 0x1ac
                    0x01ac                  _OC3TMR = 0x1ac
                    0x01ae                  OC4CON1 = 0x1ae
                    0x01ae                  _OC4CON1 = 0x1ae
                    0x01ae                  _OC4CON1bits = 0x1ae
                    0x01b0                  OC4CON2 = 0x1b0
                    0x01b0                  _OC4CON2 = 0x1b0
                    0x01b0                  _OC4CON2bits = 0x1b0
                    0x01b2                  OC4RS = 0x1b2
                    0x01b2                  _OC4RS = 0x1b2
                    0x01b4                  OC4R = 0x1b4
                    0x01b4                  _OC4R = 0x1b4
                    0x01b6                  OC4TMR = 0x1b6
                    0x01b6                  _OC4TMR = 0x1b6
                    0x01b8                  OC5CON1 = 0x1b8
                    0x01b8                  _OC5CON1 = 0x1b8
                    0x01b8                  _OC5CON1bits = 0x1b8
                    0x01ba                  OC5CON2 = 0x1ba